Component: ARM Compiler 5.06 update 5 (build 528) Tool: armlink [4d35e2]

==============================================================================

Section Cross References

    startup_stm32f407xx.o(STACK) refers (Special) to heapauxi.o(.text) for __use_two_region_memory
    startup_stm32f407xx.o(HEAP) refers (Special) to heapauxi.o(.text) for __use_two_region_memory
    startup_stm32f407xx.o(RESET) refers (Special) to heapauxi.o(.text) for __use_two_region_memory
    startup_stm32f407xx.o(RESET) refers to startup_stm32f407xx.o(STACK) for __initial_sp
    startup_stm32f407xx.o(RESET) refers to startup_stm32f407xx.o(.text) for Reset_Handler
    startup_stm32f407xx.o(RESET) refers to port.o(.emb_text) for SVC_Handler
    startup_stm32f407xx.o(RESET) refers to system.o(i.SysTick_Handler) for SysTick_Handler
    startup_stm32f407xx.o(RESET) refers to exti.o(i.EXTI0_IRQHandler) for EXTI0_IRQHandler
    startup_stm32f407xx.o(RESET) refers to exti.o(i.EXTI1_IRQHandler) for EXTI1_IRQHandler
    startup_stm32f407xx.o(RESET) refers to exti.o(i.EXTI2_IRQHandler) for EXTI2_IRQHandler
    startup_stm32f407xx.o(RESET) refers to exti.o(i.EXTI3_IRQHandler) for EXTI3_IRQHandler
    startup_stm32f407xx.o(RESET) refers to exti.o(i.EXTI4_IRQHandler) for EXTI4_IRQHandler
    startup_stm32f407xx.o(RESET) refers to dma_stm32f4xx.o(i.DMA1_Stream0_IRQHandler) for DMA1_Stream0_IRQHandler
    startup_stm32f407xx.o(RESET) refers to dma_stm32f4xx.o(i.DMA1_Stream1_IRQHandler) for DMA1_Stream1_IRQHandler
    startup_stm32f407xx.o(RESET) refers to dma_stm32f4xx.o(i.DMA1_Stream2_IRQHandler) for DMA1_Stream2_IRQHandler
    startup_stm32f407xx.o(RESET) refers to dma_stm32f4xx.o(i.DMA1_Stream3_IRQHandler) for DMA1_Stream3_IRQHandler
    startup_stm32f407xx.o(RESET) refers to dma_stm32f4xx.o(i.DMA1_Stream4_IRQHandler) for DMA1_Stream4_IRQHandler
    startup_stm32f407xx.o(RESET) refers to dma_stm32f4xx.o(i.DMA1_Stream5_IRQHandler) for DMA1_Stream5_IRQHandler
    startup_stm32f407xx.o(RESET) refers to dma_stm32f4xx.o(i.DMA1_Stream6_IRQHandler) for DMA1_Stream6_IRQHandler
    startup_stm32f407xx.o(RESET) refers to exti.o(i.EXTI9_5_IRQHandler) for EXTI9_5_IRQHandler
    startup_stm32f407xx.o(RESET) refers to timer.o(i.TIM1_CC_IRQHandler) for TIM1_CC_IRQHandler
    startup_stm32f407xx.o(RESET) refers to timer.o(i.TIM2_IRQHandler) for TIM2_IRQHandler
    startup_stm32f407xx.o(RESET) refers to timer.o(i.TIM3_IRQHandler) for TIM3_IRQHandler
    startup_stm32f407xx.o(RESET) refers to timer.o(i.TIM4_IRQHandler) for TIM4_IRQHandler
    startup_stm32f407xx.o(RESET) refers to serial_uart_stm32f4xx.o(i.USART1_IRQHandler) for USART1_IRQHandler
    startup_stm32f407xx.o(RESET) refers to serial_uart_stm32f4xx.o(i.USART3_IRQHandler) for USART3_IRQHandler
    startup_stm32f407xx.o(RESET) refers to exti.o(i.EXTI15_10_IRQHandler) for EXTI15_10_IRQHandler
    startup_stm32f407xx.o(RESET) refers to dma_stm32f4xx.o(i.DMA1_Stream7_IRQHandler) for DMA1_Stream7_IRQHandler
    startup_stm32f407xx.o(RESET) refers to dma_stm32f4xx.o(i.DMA2_Stream0_IRQHandler) for DMA2_Stream0_IRQHandler
    startup_stm32f407xx.o(RESET) refers to dma_stm32f4xx.o(i.DMA2_Stream1_IRQHandler) for DMA2_Stream1_IRQHandler
    startup_stm32f407xx.o(RESET) refers to dma_stm32f4xx.o(i.DMA2_Stream2_IRQHandler) for DMA2_Stream2_IRQHandler
    startup_stm32f407xx.o(RESET) refers to dma_stm32f4xx.o(i.DMA2_Stream3_IRQHandler) for DMA2_Stream3_IRQHandler
    startup_stm32f407xx.o(RESET) refers to dma_stm32f4xx.o(i.DMA2_Stream4_IRQHandler) for DMA2_Stream4_IRQHandler
    startup_stm32f407xx.o(RESET) refers to dma_stm32f4xx.o(i.DMA2_Stream5_IRQHandler) for DMA2_Stream5_IRQHandler
    startup_stm32f407xx.o(RESET) refers to dma_stm32f4xx.o(i.DMA2_Stream6_IRQHandler) for DMA2_Stream6_IRQHandler
    startup_stm32f407xx.o(RESET) refers to dma_stm32f4xx.o(i.DMA2_Stream7_IRQHandler) for DMA2_Stream7_IRQHandler
    startup_stm32f407xx.o(RESET) refers to serial_uart_stm32f4xx.o(i.USART6_IRQHandler) for USART6_IRQHandler
    startup_stm32f407xx.o(.text) refers (Special) to heapauxi.o(.text) for __use_two_region_memory
    startup_stm32f407xx.o(.text) refers to system_stm32f4xx.o(i.SystemInit) for SystemInit
    startup_stm32f407xx.o(.text) refers to __main.o(!!!main) for __main
    startup_stm32f407xx.o(.text) refers to startup_stm32f407xx.o(HEAP) for Heap_Mem
    startup_stm32f407xx.o(.text) refers to startup_stm32f407xx.o(STACK) for Stack_Mem
    stm32f4xx_flash.o(i.FLASH_EraseAllBank1Sectors) refers to stm32f4xx_flash.o(i.FLASH_WaitForLastOperation) for FLASH_WaitForLastOperation
    stm32f4xx_flash.o(i.FLASH_EraseAllBank2Sectors) refers to stm32f4xx_flash.o(i.FLASH_WaitForLastOperation) for FLASH_WaitForLastOperation
    stm32f4xx_flash.o(i.FLASH_EraseAllSectors) refers to stm32f4xx_flash.o(i.FLASH_WaitForLastOperation) for FLASH_WaitForLastOperation
[...]
    __rt_lib_init_preinit_1                  0x08000253   Thumb Code     0  libinit2.o(.ARM.Collect$$libinit$$00000004)
    __rt_lib_init_rand_1                     0x08000253   Thumb Code     0  libinit2.o(.ARM.Collect$$libinit$$0000000E)
    __rt_lib_init_return                     0x08000253   Thumb Code     0  libinit2.o(.ARM.Collect$$libinit$$00000033)
    __rt_lib_init_signal_1                   0x08000253   Thumb Code     0  libinit2.o(.ARM.Collect$$libinit$$0000001D)
    __rt_lib_init_stdio_1                    0x08000253   Thumb Code     0  libinit2.o(.ARM.Collect$$libinit$$00000025)
    __rt_lib_init_user_alloc_1               0x08000253   Thumb Code     0  libinit2.o(.ARM.Collect$$libinit$$0000000C)
    __rt_lib_shutdown                        0x08000255   Thumb Code     0  libshutdown.o(.ARM.Collect$$libshutdown$$00000000)
    __rt_lib_shutdown_cpp_1                  0x08000257   Thumb Code     0  libshutdown2.o(.ARM.Collect$$libshutdown$$00000002)
    __rt_lib_shutdown_fp_trap_1              0x08000257   Thumb Code     0  libshutdown2.o(.ARM.Collect$$libshutdown$$00000007)
    __rt_lib_shutdown_heap_1                 0x08000257   Thumb Code     0  libshutdown2.o(.ARM.Collect$$libshutdown$$0000000F)
    __rt_lib_shutdown_return                 0x08000257   Thumb Code     0  libshutdown2.o(.ARM.Collect$$libshutdown$$00000010)
    __rt_lib_shutdown_signal_1               0x08000257   Thumb Code     0  libshutdown2.o(.ARM.Collect$$libshutdown$$0000000A)
    __rt_lib_shutdown_stdio_1                0x08000257   Thumb Code     0  libshutdown2.o(.ARM.Collect$$libshutdown$$00000004)
    __rt_lib_shutdown_user_alloc_1           0x08000257   Thumb Code     0  libshutdown2.o(.ARM.Collect$$libshutdown$$0000000C)
    __rt_entry                               0x08000259   Thumb Code     0  __rtentry.o(.ARM.Collect$$rtentry$$00000000)
    __rt_entry_presh_1                       0x08000259   Thumb Code     0  __rtentry2.o(.ARM.Collect$$rtentry$$00000002)
    __rt_entry_sh                            0x08000259   Thumb Code     0  __rtentry4.o(.ARM.Collect$$rtentry$$00000004)
    __rt_entry_li                            0x0800025f   Thumb Code     0  __rtentry2.o(.ARM.Collect$$rtentry$$0000000A)
    __rt_entry_postsh_1                      0x0800025f   Thumb Code     0  __rtentry2.o(.ARM.Collect$$rtentry$$00000009)
    __rt_entry_main                          0x08000263   Thumb Code     0  __rtentry2.o(.ARM.Collect$$rtentry$$0000000D)
    __rt_entry_postli_1                      0x08000263   Thumb Code     0  __rtentry2.o(.ARM.Collect$$rtentry$$0000000C)
    __rt_exit                                0x0800026b   Thumb Code     0  rtexit.o(.ARM.Collect$$rtexit$$00000000)
    __rt_exit_ls                             0x0800026d   Thumb Code     0  rtexit2.o(.ARM.Collect$$rtexit$$00000003)
    __rt_exit_prels_1                        0x0800026d   Thumb Code     0  rtexit2.o(.ARM.Collect$$rtexit$$00000002)
    __rt_exit_exit                           0x08000271   Thumb Code     0  rtexit2.o(.ARM.Collect$$rtexit$$00000004)
    SVC_Handler                              0x08000279   Thumb Code    28  port.o(.emb_text)
    __asm___6_port_c_39a90d8d__prvStartFirstTask 0x08000299   Thumb Code    36  port.o(.emb_text)
    __asm___6_port_c_39a90d8d__prvEnableVFP  0x080002c1   Thumb Code    16  port.o(.emb_text)
    PendSV_Handler                           0x080002d5   Thumb Code    88  port.o(.emb_text)
    vPortGetIPSR                             0x08000331   Thumb Code     6  port.o(.emb_text)
    Reset_Handler                            0x08000339   Thumb Code     8  startup_stm32f407xx.o(.text)
    NMI_Handler                              0x08000341   Thumb Code     2  startup_stm32f407xx.o(.text)
    HardFault_Handler                        0x08000343   Thumb Code     2  startup_stm32f407xx.o(.text)
    MemManage_Handler                        0x08000345   Thumb Code     2  startup_stm32f407xx.o(.text)
    BusFault_Handler                         0x08000347   Thumb Code     2  startup_stm32f407xx.o(.text)
    UsageFault_Handler                       0x08000349   Thumb Code     2  startup_stm32f407xx.o(.text)
    DebugMon_Handler                         0x0800034d   Thumb Code     2  startup_stm32f407xx.o(.text)
    ADC_IRQHandler                           0x08000353   Thumb Code     0  startup_stm32f407xx.o(.text)
    CAN1_RX0_IRQHandler                      0x08000353   Thumb Code     0  startup_stm32f407xx.o(.text)
    CAN1_RX1_IRQHandler                      0x08000353   Thumb Code     0  startup_stm32f407xx.o(.text)
    CAN1_SCE_IRQHandler                      0x08000353   Thumb Code     0  startup_stm32f407xx.o(.text)
    CAN1_TX_IRQHandler                       0x08000353   Thumb Code     0  startup_stm32f407xx.o(.text)
    CAN2_RX0_IRQHandler                      0x08000353   Thumb Code     0  startup_stm32f407xx.o(.text)
    CAN2_RX1_IRQHandler                      0x08000353   Thumb Code     0  startup_stm32f407xx.o(.text)
    CAN2_SCE_IRQHandler                      0x08000353   Thumb Code     0  startup_stm32f407xx.o(.text)
    CAN2_TX_IRQHandler                       0x08000353   Thumb Code     0  startup_stm32f407xx.o(.text)
    DCMI_IRQHandler                          0x08000353   Thumb Code     0  startup_stm32f407xx.o(.text)
    ETH_IRQHandler                           0x08000353   Thumb Code     0  startup_stm32f407xx.o(.text)
    ETH_WKUP_IRQHandler                      0x08000353   Thumb Code     0  startup_stm32f407xx.o(.text)
    FLASH_IRQHandler                         0x08000353   Thumb Code     0  startup_stm32f407xx.o(.text)
    FMC_IRQHandler                           0x08000353   Thumb Code     0  startup_stm32f407xx.o(.text)
    FPU_IRQHandler                           0x08000353   Thumb Code     0  startup_stm32f407xx.o(.text)
    HASH_RNG_IRQHandler                      0x08000353   Thumb Code     0  startup_stm32f407xx.o(.text)
    I2C1_ER_IRQHandler                       0x08000353   Thumb Code     0  startup_stm32f407xx.o(.text)
    I2C1_EV_IRQHandler                       0x08000353   Thumb Code     0  startup_stm32f407xx.o(.text)
    I2C2_ER_IRQHandler                       0x08000353   Thumb Code     0  startup_stm32f407xx.o(.text)
    I2C2_EV_IRQHandler                       0x08000353   Thumb Code     0  startup_stm32f407xx.o(.text)
    I2C3_ER_IRQHandler                       0x08000353   Thumb Code     0  startup_stm32f407xx.o(.text)
    I2C3_EV_IRQHandler                       0x08000353   Thumb Code     0  startup_stm32f407xx.o(.text)
    OTG_FS_IRQHandler                        0x08000353   Thumb Code     0  startup_stm32f407xx.o(.text)
    OTG_FS_WKUP_IRQHandler                   0x08000353   Thumb Code     0  startup_stm32f407xx.o(.text)
    OTG_HS_EP1_IN_IRQHandler                 0x08000353   Thumb Code     0  startup_stm32f407xx.o(.text)
    OTG_HS_EP1_OUT_IRQHandler                0x08000353   Thumb Code     0  startup_stm32f407xx.o(.text)
    OTG_HS_IRQHandler                        0x08000353   Thumb Code     0  startup_stm32f407xx.o(.text)
    OTG_HS_WKUP_IRQHandler                   0x08000353   Thumb Code     0  startup_stm32f407xx.o(.text)
    PVD_IRQHandler                           0x08000353   Thumb Code     0  startup_stm32f407xx.o(.text)
    RCC_IRQHandler                           0x08000353   Thumb Code     0  startup_stm32f407xx.o(.text)
    RTC_Alarm_IRQHandler                     0x08000353   Thumb Code     0  startup_stm32f407xx.o(.text)
    RTC_WKUP_IRQHandler                      0x08000353   Thumb Code     0  startup_stm32f407xx.o(.text)
    SDIO_IRQHandler                          0x08000353   Thumb Code     0  startup_stm32f407xx.o(.text)
    SPI1_IRQHandler                          0x08000353   Thumb Code     0  startup_stm32f407xx.o(.text)
    SPI2_IRQHandler                          0x08000353   Thumb Code     0  startup_stm32f407xx.o(.text)
    SPI3_IRQHandler                          0x08000353   Thumb Code     0  startup_stm32f407xx.o(.text)
    TAMP_STAMP_IRQHandler                    0x08000353   Thumb Code     0  startup_stm32f407xx.o(.text)
    TIM1_BRK_TIM9_IRQHandler                 0x08000353   Thumb Code     0  startup_stm32f407xx.o(.text)
    TIM1_TRG_COM_TIM11_IRQHandler            0x08000353   Thumb Code     0  startup_stm32f407xx.o(.text)
    TIM1_UP_TIM10_IRQHandler                 0x08000353   Thumb Code     0  startup_stm32f407xx.o(.text)
    TIM5_IRQHandler                          0x08000353   Thumb Code     0  startup_stm32f407xx.o(.text)
    TIM6_DAC_IRQHandler                      0x08000353   Thumb Code     0  startup_stm32f407xx.o(.text)
    TIM7_IRQHandler                          0x08000353   Thumb Code     0  startup_stm32f407xx.o(.text)
    TIM8_BRK_TIM12_IRQHandler                0x08000353   Thumb Code     0  startup_stm32f407xx.o(.text)
    TIM8_CC_IRQHandler                       0x08000353   Thumb Code     0  startup_stm32f407xx.o(.text)
    TIM8_TRG_COM_TIM14_IRQHandler            0x08000353   Thumb Code     0  startup_stm32f407xx.o(.text)
    TIM8_UP_TIM13_IRQHandler                 0x08000353   Thumb Code     0  startup_stm32f407xx.o(.text)
    UART4_IRQHandler                         0x08000353   Thumb Code     0  startup_stm32f407xx.o(.text)
    UART5_IRQHandler                         0x08000353   Thumb Code     0  startup_stm32f407xx.o(.text)
    USART2_IRQHandler                        0x08000353   Thumb Code     0  startup_stm32f407xx.o(.text)
    WWDG_IRQHandler                          0x08000353   Thumb Code     0  startup_stm32f407xx.o(.text)
    __user_initial_stackheap                 0x08000355   Thumb Code     0  startup_stm32f407xx.o(.text)
    __2printf                                0x08000379   Thumb Code    20  noretval__2printf.o(.text)
    __2sprintf                               0x08000391   Thumb Code    34  noretval__2sprintf.o(.text)
    __printf                                 0x080003b9   Thumb Code   104  __printf.o(.text)
    _printf_str                              0x08000421   Thumb Code    82  _printf_str.o(.text)
    _printf_int_dec                          0x08000475   Thumb Code   104  _printf_dec.o(.text)
    strchr                                   0x080004ed   Thumb Code    20  strchr.o(.text)
    __aeabi_memcpy                           0x08000501   Thumb Code     0  rt_memcpy_v6.o(.text)
    __rt_memcpy                              0x08000501   Thumb Code   138  rt_memcpy_v6.o(.text)
    _memcpy_lastbytes                        0x08000567   Thumb Code     0  rt_memcpy_v6.o(.text)
    __aeabi_memcpy4                          0x0800058b   Thumb Code     0  rt_memcpy_w.o(.text)
    __aeabi_memcpy8                          0x0800058b   Thumb Code     0  rt_memcpy_w.o(.text)
    __rt_memcpy_w                            0x0800058b   Thumb Code   100  rt_memcpy_w.o(.text)
    _memcpy_lastbytes_aligned                0x080005d3   Thumb Code     0  rt_memcpy_w.o(.text)
    __aeabi_memset                           0x080005ef   Thumb Code    16  aeabi_memset.o(.text)
    __aeabi_memclr                           0x080005ff   Thumb Code     0  rt_memclr.o(.text)
    __rt_memclr                              0x080005ff   Thumb Code    68  rt_memclr.o(.text)
    _memset                                  0x08000603   Thumb Code     0  rt_memclr.o(.text)
    __aeabi_memclr4                          0x08000643   Thumb Code     0  rt_memclr_w.o(.text)
    __aeabi_memclr8                          0x08000643   Thumb Code     0  rt_memclr_w.o(.text)
    __rt_memclr_w                            0x08000643   Thumb Code    78  rt_memclr_w.o(.text)
    _memset_w                                0x08000647   Thumb Code     0  rt_memclr_w.o(.text)
    strncpy                                  0x08000691   Thumb Code    86  strncpy.o(.text)
    strcmp                                   0x080006e9   Thumb Code   128  strcmpv7m.o(.text)
    __use_two_region_memory                  0x08000769   Thumb Code     2  heapauxi.o(.text)
    __rt_heap_escrow$2region                 0x0800076b   Thumb Code     2  heapauxi.o(.text)
    __rt_heap_expand$2region                 0x0800076d   Thumb Code     2  heapauxi.o(.text)
    _printf_int_common                       0x0800076f   Thumb Code   178  _printf_intcommon.o(.text)
    _printf_char_common                      0x0800082b   Thumb Code    32  _printf_char_common.o(.text)
    _sputc                                   0x08000851   Thumb Code    10  _sputc.o(.text)
    _printf_cs_common                        0x0800085b   Thumb Code    20  _printf_char.o(.text)
    _printf_char                             0x0800086f   Thumb Code    16  _printf_char.o(.text)
    _printf_string                           0x0800087f   Thumb Code     8  _printf_char.o(.text)
    _printf_char_file                        0x08000889   Thumb Code    32  _printf_char_file.o(.text)
    __user_libspace                          0x080008ad   Thumb Code     8  libspace.o(.text)
    __user_perproc_libspace                  0x080008ad   Thumb Code     0  libspace.o(.text)
    __user_perthread_libspace                0x080008ad   Thumb Code     0  libspace.o(.text)
    ferror                                   0x080008b5   Thumb Code     8  ferror.o(.text)
    __user_setup_stackheap                   0x080008bd   Thumb Code    74  sys_stackheap_outer.o(.text)
    exit                                     0x08000907   Thumb Code    18  exit.o(.text)
    _sys_exit                                0x08000919   Thumb Code     8  sys_exit.o(.text)
    __I$use$semihosting                      0x08000925   Thumb Code     0  use_no_semi.o(.text)
    __use_no_semihosting_swi                 0x08000925   Thumb Code     2  use_no_semi.o(.text)
    __semihosting_library_function           0x08000927   Thumb Code     0  indicate_semi.o(.text)
    CommandProcess                           0x08000929   Thumb Code    92  main.o(i.CommandProcess)
    DMA1_Stream0_IRQHandler                  0x080009b5   Thumb Code    12  dma_stm32f4xx.o(i.DMA1_Stream0_IRQHandler)
    DMA1_Stream1_IRQHandler                  0x080009c5   Thumb Code    14  dma_stm32f4xx.o(i.DMA1_Stream1_IRQHandler)
    DMA1_Stream2_IRQHandler                  0x080009d9   Thumb Code    14  dma_stm32f4xx.o(i.DMA1_Stream2_IRQHandler)
    DMA1_Stream3_IRQHandler                  0x080009ed   Thumb Code    14  dma_stm32f4xx.o(i.DMA1_Stream3_IRQHandler)
    DMA1_Stream4_IRQHandler                  0x08000a01   Thumb Code    14  dma_stm32f4xx.o(i.DMA1_Stream4_IRQHandler)
    DMA1_Stream5_IRQHandler                  0x08000a15   Thumb Code    16  dma_stm32f4xx.o(i.DMA1_Stream5_IRQHandler)
    DMA1_Stream6_IRQHandler                  0x08000a29   Thumb Code    16  dma_stm32f4xx.o(i.DMA1_Stream6_IRQHandler)
    DMA1_Stream7_IRQHandler                  0x08000a3d   Thumb Code    16  dma_stm32f4xx.o(i.DMA1_Stream7_IRQHandler)
    DMA2_Stream0_IRQHandler                  0x08000a51   Thumb Code    16  dma_stm32f4xx.o(i.DMA2_Stream0_IRQHandler)
    DMA2_Stream1_IRQHandler                  0x08000a65   Thumb Code    16  dma_stm32f4xx.o(i.DMA2_Stream1_IRQHandler)
    DMA2_Stream2_IRQHandler                  0x08000a79   Thumb Code    18  dma_stm32f4xx.o(i.DMA2_Stream2_IRQHandler)
    DMA2_Stream3_IRQHandler                  0x08000a91   Thumb Code    18  dma_stm32f4xx.o(i.DMA2_Stream3_IRQHandler)
    DMA2_Stream4_IRQHandler                  0x08000aa9   Thumb Code    18  dma_stm32f4xx.o(i.DMA2_Stream4_IRQHandler)
    DMA2_Stream5_IRQHandler                  0x08000ac1   Thumb Code    18  dma_stm32f4xx.o(i.DMA2_Stream5_IRQHandler)
    DMA2_Stream6_IRQHandler                  0x08000ad9   Thumb Code    18  dma_stm32f4xx.o(i.DMA2_Stream6_IRQHandler)
    DMA2_Stream7_IRQHandler                  0x08000af1   Thumb Code    18  dma_stm32f4xx.o(i.DMA2_Stream7_IRQHandler)
    DMA_Cmd                                  0x08000b09   Thumb Code    20  stm32f4xx_dma.o(i.DMA_Cmd)
    DMA_DeInit                               0x08000b1d   Thumb Code   272  stm32f4xx_dma.o(i.DMA_DeInit)
    DMA_GetCurrDataCounter                   0x08000c41   Thumb Code     6  stm32f4xx_dma.o(i.DMA_GetCurrDataCounter)
    DMA_ITConfig                             0x08000c47   Thumb Code    44  stm32f4xx_dma.o(i.DMA_ITConfig)
    DMA_Init                                 0x08000c75   Thumb Code    80  stm32f4xx_dma.o(i.DMA_Init)
    DMA_MemoryTargetConfig                   0x08000cc9   Thumb Code    10  stm32f4xx_dma.o(i.DMA_MemoryTargetConfig)
    DMA_SetCurrDataCounter                   0x08000cd3   Thumb Code     4  stm32f4xx_dma.o(i.DMA_SetCurrDataCounter)
    DMA_StructInit                           0x08000cd7   Thumb Code    34  stm32f4xx_dma.o(i.DMA_StructInit)
    EXTI0_IRQHandler                         0x08000cf9   Thumb Code     4  exti.o(i.EXTI0_IRQHandler)
    EXTI15_10_IRQHandler                     0x08000cfd   Thumb Code     4  exti.o(i.EXTI15_10_IRQHandler)
    EXTI1_IRQHandler                         0x08000d01   Thumb Code     4  exti.o(i.EXTI1_IRQHandler)
    EXTI2_IRQHandler                         0x08000d05   Thumb Code     4  exti.o(i.EXTI2_IRQHandler)
    EXTI3_IRQHandler                         0x08000d09   Thumb Code     4  exti.o(i.EXTI3_IRQHandler)
    EXTI4_IRQHandler                         0x08000d0d   Thumb Code     4  exti.o(i.EXTI4_IRQHandler)
    EXTI9_5_IRQHandler                       0x08000d11   Thumb Code     4  exti.o(i.EXTI9_5_IRQHandler)
    EXTIConfig                               0x08000d15   Thumb Code   132  exti.o(i.EXTIConfig)
    EXTIEnable                               0x08000da5   Thumb Code    28  exti.o(i.EXTIEnable)
    EXTIHandlerInit                          0x08000dc5   Thumb Code     4  exti.o(i.EXTIHandlerInit)
    EXTIInit                                 0x08000dc9   Thumb Code    32  exti.o(i.EXTIInit)
    EXTI_ClearITPendingBit                   0x08000df1   Thumb Code     6  stm32f4xx_exti.o(i.EXTI_ClearITPendingBit)
    EXTI_IRQHandler                          0x08000dfd   Thumb Code    56  exti.o(i.EXTI_IRQHandler)
    EXTI_Init                                0x08000e3d   Thumb Code   108  stm32f4xx_exti.o(i.EXTI_Init)
    EnableGPIOClk                            0x08000ead   Thumb Code   110  main.o(i.EnableGPIOClk)
    GPIO_Init                                0x08000f41   Thumb Code   162  stm32f4xx_gpio.o(i.GPIO_Init)
    GPIO_PinAFConfig                         0x08000fe3   Thumb Code    32  stm32f4xx_gpio.o(i.GPIO_PinAFConfig)
    GPIO_StructInit                          0x08001003   Thumb Code    18  stm32f4xx_gpio.o(i.GPIO_StructInit)
    IOConfigGPIO                             0x08001015   Thumb Code    68  io.o(i.IOConfigGPIO)
    IOConfigGPIOAF                           0x0800105d   Thumb Code    86  io.o(i.IOConfigGPIOAF)
    IOGetByTag                               0x080010b9   Thumb Code    98  io.o(i.IOGetByTag)
    IOGlobalInit                             0x08001125   Thumb Code    52  io.o(i.IOGlobalInit)
    IOHi                                     0x08001165   Thumb Code    12  io.o(i.IOHi)
    IOInit                                   0x08001171   Thumb Code     6  io.o(i.IOInit)
    IOToggle                                 0x08001177   Thumb Code    20  io.o(i.IOToggle)
    IOWrite                                  0x0800118b   Thumb Code    18  io.o(i.IOWrite)
    IO_EXTI_Line                             0x0800119d   Thumb Code    18  io.o(i.IO_EXTI_Line)
    IO_EXTI_PinSource                        0x080011af   Thumb Code     4  io.o(i.IO_EXTI_PinSource)
    IO_EXTI_PortSourceGPIO                   0x080011b3   Thumb Code     4  io.o(i.IO_EXTI_PortSourceGPIO)
    IO_GPIOPinIdx                            0x080011b7   Thumb Code    20  io.o(i.IO_GPIOPinIdx)
    IO_GPIOPortIdx                           0x080011cd   Thumb Code    18  io.o(i.IO_GPIOPortIdx)
    IO_GPIO_PinSource                        0x080011e5   Thumb Code     4  io.o(i.IO_GPIO_PinSource)
    LedInit                                  0x080011e9   Thumb Code   128  led.o(i.LedInit)
    LedSet                                   0x08001271   Thumb Code    32  led.o(i.LedSet)
    LedToggle                                0x08001299   Thumb Code    10  led.o(i.LedToggle)
    LowerToUpper                             0x080012a9   Thumb Code    30  main.o(i.LowerToUpper)
    NVIC_Init                                0x080012c9   Thumb Code    96  misc.o(i.NVIC_Init)
    NVIC_PriorityGroupConfig                 0x0800132d   Thumb Code    10  misc.o(i.NVIC_PriorityGroupConfig)
    RCC_AHB1PeriphClockCmd                   0x08001341   Thumb Code    18  stm32f4xx_rcc.o(i.RCC_AHB1PeriphClockCmd)
    RCC_AHB1PeriphResetCmd                   0x08001359   Thumb Code    18  stm32f4xx_rcc.o(i.RCC_AHB1PeriphResetCmd)
    RCC_AHB2PeriphClockCmd                   0x08001371   Thumb Code    18  stm32f4xx_rcc.o(i.RCC_AHB2PeriphClockCmd)
    RCC_APB1PeriphClockCmd                   0x08001389   Thumb Code    18  stm32f4xx_rcc.o(i.RCC_APB1PeriphClockCmd)
    RCC_APB1PeriphResetCmd                   0x080013a1   Thumb Code    18  stm32f4xx_rcc.o(i.RCC_APB1PeriphResetCmd)
    RCC_APB2PeriphClockCmd                   0x080013b9   Thumb Code    18  stm32f4xx_rcc.o(i.RCC_APB2PeriphClockCmd)
    RCC_APB2PeriphResetCmd                   0x080013d1   Thumb Code    18  stm32f4xx_rcc.o(i.RCC_APB2PeriphResetCmd)
    RCC_ClearFlag                            0x080013e9   Thumb Code    12  stm32f4xx_rcc.o(i.RCC_ClearFlag)
    RCC_ClockCmd                             0x080013f9   Thumb Code    36  rcc.o(i.RCC_ClockCmd)
    RCC_GetClocksFreq                        0x0800141d   Thumb Code   132  stm32f4xx_rcc.o(i.RCC_GetClocksFreq)
    RCC_ResetCmd                             0x080014ad   Thumb Code    36  rcc.o(i.RCC_ResetCmd)
    ResetLedStatusConfig                     0x080014d1   Thumb Code    32  config.o(i.ResetLedStatusConfig)
    ResetLedTimerConfig                      0x080014f1   Thumb Code    40  config.o(i.ResetLedTimerConfig)
    ResetMotorConfig                         0x0800151d   Thumb Code    70  config.o(i.ResetMotorConfig)
    ResetSerialConfig                        0x08001569   Thumb Code    54  config.o(i.ResetSerialConfig)
    ResetSerialPinConfig                     0x080015a5   Thumb Code    94  config.o(i.ResetSerialPinConfig)
    SPI_Cmd                                  0x08001609   Thumb Code    20  stm32f4xx_spi.o(i.SPI_Cmd)
    SPI_I2S_DeInit                           0x0800161d   Thumb Code   108  stm32f4xx_spi.o(i.SPI_I2S_DeInit)
    SPI_Init                                 0x080016a1   Thumb Code    56  stm32f4xx_spi.o(i.SPI_Init)
    SYSCFG_EXTILineConfig                    0x080016d9   Thumb Code    42  stm32f4xx_syscfg.o(i.SYSCFG_EXTILineConfig)
    SetSysClock                              0x08001709   Thumb Code   162  system_stm32f4xx.o(i.SetSysClock)
    SysTick_Handler                          0x080017bd   Thumb Code    20  system.o(i.SysTick_Handler)
    SysTick_Init                             0x080017d1   Thumb Code    24  system.o(i.SysTick_Init)
    SystemInit                               0x080017f5   Thumb Code    74  system_stm32f4xx.o(i.SystemInit)
    TIM1_CC_IRQHandler                       0x08001851   Thumb Code     8  timer.o(i.TIM1_CC_IRQHandler)
    TIM2_IRQHandler                          0x08001861   Thumb Code    10  timer.o(i.TIM2_IRQHandler)
    TIM3_IRQHandler                          0x08001871   Thumb Code     8  timer.o(i.TIM3_IRQHandler)
    TIM4_IRQHandler                          0x08001881   Thumb Code     8  timer.o(i.TIM4_IRQHandler)
    TIM_Cmd                                  0x08001891   Thumb Code    20  stm32f4xx_tim.o(i.TIM_Cmd)
    TIM_ITConfig                             0x080018a5   Thumb Code    16  stm32f4xx_tim.o(i.TIM_ITConfig)
    TIM_TimeBaseInit                         0x080018b5   Thumb Code    96  stm32f4xx_tim.o(i.TIM_TimeBaseInit)
    TIM_TimeBaseStructInit                   0x08001931   Thumb Code    18  stm32f4xx_tim.o(i.TIM_TimeBaseStructInit)
    TimerInitForFreeRTOS                     0x08001943   Thumb Code    48  main.o(i.TimerInitForFreeRTOS)
    USART1_IRQHandler                        0x08001975   Thumb Code    10  serial_uart_stm32f4xx.o(i.USART1_IRQHandler)
    USART3_IRQHandler                        0x08001985   Thumb Code    10  serial_uart_stm32f4xx.o(i.USART3_IRQHandler)
    USART6_IRQHandler                        0x08001995   Thumb Code    10  serial_uart_stm32f4xx.o(i.USART6_IRQHandler)
    USART_ClearITPendingBit                  0x080019a5   Thumb Code    12  stm32f4xx_usart.o(i.USART_ClearITPendingBit)
    USART_Cmd                                0x080019b1   Thumb Code    20  stm32f4xx_usart.o(i.USART_Cmd)
    USART_DMACmd                             0x080019c5   Thumb Code    16  stm32f4xx_usart.o(i.USART_DMACmd)
    USART_GetITStatus                        0x080019d5   Thumb Code    62  stm32f4xx_usart.o(i.USART_GetITStatus)
    USART_HalfDuplexCmd                      0x08001a13   Thumb Code    20  stm32f4xx_usart.o(i.USART_HalfDuplexCmd)
    USART_ITConfig                           0x08001a27   Thumb Code    48  stm32f4xx_usart.o(i.USART_ITConfig)
    USART_Init                               0x08001a59   Thumb Code   164  stm32f4xx_usart.o(i.USART_Init)
    USART_SendData                           0x08001b05   Thumb Code     8  stm32f4xx_usart.o(i.USART_SendData)
    activateConfig                           0x08001b0d   Thumb Code    38  config.o(i.activateConfig)
    buttonInit                               0x08001b51   Thumb Code    72  button.o(i.buttonInit)
    checkEEPROMContainsValidData             0x08001ba5   Thumb Code     4  config.o(i.checkEEPROMContainsValidData)
    configTimeBaseKhz                        0x08001ba9   Thumb Code    70  timer.o(i.configTimeBaseKhz)
    createDefaultConfig                      0x08001c05   Thumb Code   496  config.o(i.createDefaultConfig)
    dataprocess_task                         0x08001e11   Thumb Code   160  main.o(i.dataprocess_task)
    feature                                  0x08001ee9   Thumb Code    16  feature.o(i.feature)
    featureClear                             0x08001efd   Thumb Code    10  feature.o(i.featureClear)
    featureConfigured                        0x08001f0d   Thumb Code    16  feature.o(i.featureConfigured)
    featureSet                               0x08001f21   Thumb Code    10  feature.o(i.featureSet)
    findNextSerialPortConfig                 0x08001f31   Thumb Code    36  serial.o(i.findNextSerialPortConfig)
    findSerialPortConfig                     0x08001f59   Thumb Code    10  serial.o(i.findSerialPortConfig)
    findSerialPortIndexByIdentifier          0x08001f69   Thumb Code    24  serial.o(i.findSerialPortIndexByIdentifier)
    findSerialPortUsageByIdentifier          0x08001f85   Thumb Code    36  serial.o(i.findSerialPortUsageByIdentifier)
    fputc                                    0x08001fad   Thumb Code    14  main.o(i.fputc)
    generateThrottleCurve                    0x08001fbd   Thumb Code   116  fc_rc.o(i.generateThrottleCurve)
    initEEPROM                               0x08002039   Thumb Code     2  config_eeprom.o(i.initEEPROM)
    intFeatureClearAll                       0x0800203b   Thumb Code     6  feature.o(i.intFeatureClearAll)
    intFeatureSet                            0x08002041   Thumb Code     8  feature.o(i.intFeatureSet)
    isModeActivationConditionPresent         0x08002049   Thumb Code    38  rc_controls.o(i.isModeActivationConditionPresent)
    isUartTransmitBufferEmpty                0x0800206f   Thumb Code    26  serial_uart.o(i.isUartTransmitBufferEmpty)
    latchActiveFeatures                      0x08002089   Thumb Code    10  feature.o(i.latchActiveFeatures)
    main                                     0x0800209d   Thumb Code   206  main.o(i.main)
    micros                                   0x08002199   Thumb Code    74  system.o(i.micros)
    microsISR                                0x080021ed   Thumb Code    72  system.o(i.microsISR)
    millis                                   0x08002239   Thumb Code     6  system.o(i.millis)
    mixerUseConfigs                          0x08002245   Thumb Code     8  mixer.o(i.mixerUseConfigs)
    openSerialPort                           0x08002259   Thumb Code    94  serial.o(i.openSerialPort)
    parseRcChannels                          0x080022c5   Thumb Code    50  rx.o(i.parseRcChannels)
    pvPortMalloc                             0x08002a09   Thumb Code   210  heap_4.o(i.pvPortMalloc)
    pvTaskIncrementMutexHeldCount            0x08002ae1   Thumb Code    18  tasks.o(i.pvTaskIncrementMutexHeldCount)
    pxPortInitialiseStack                    0x08002af9   Thumb Code    40  port.o(i.pxPortInitialiseStack)
    readEEPROM                               0x08002b25   Thumb Code    24  config_eeprom.o(i.readEEPROM)
    resetAllRxChannelRangeConfigurations     0x08002b41   Thumb Code    24  rx.o(i.resetAllRxChannelRangeConfigurations)
    resetEEPROM                              0x08002b59   Thumb Code    18  config.o(i.resetEEPROM)
    resetProfile                             0x08002c35   Thumb Code    92  config.o(i.resetProfile)
    resetRcControlsConfig                    0x08002c91   Thumb Code    16  config.o(i.resetRcControlsConfig)
    rxInit                                   0x08002ca1   Thumb Code   180  rx.o(i.rxInit)
    rxSerial3TestInit                        0x08002d79   Thumb Code    40  rxserial3test.o(i.rxSerial3TestInit)
    rxSerial3TestWrite                       0x08002da5   Thumb Code    10  rxserial3test.o(i.rxSerial3TestWrite)
    sbusInit                                 0x08002edd   Thumb Code   104  sbus.o(i.sbusInit)
    serialInit                               0x08002f75   Thumb Code    38  serial.o(i.serialInit)
    serialRxInit                             0x08002fa9   Thumb Code    18  rx.o(i.serialRxInit)
    serialUART                               0x08002fbd   Thumb Code   260  serial_uart_stm32f4xx.o(i.serialUART)
    serialUART1                              0x080030c9   Thumb Code    12  serial_uart_stm32f4xx.o(i.serialUART1)
    serialUART3                              0x080030d5   Thumb Code    12  serial_uart_stm32f4xx.o(i.serialUART3)
    serialUART6                              0x080030e1   Thumb Code    12  serial_uart_stm32f4xx.o(i.serialUART6)
    serialWrite                              0x080030ed   Thumb Code     6  serial.o(i.serialWrite)
    setProfile                               0x080030f5   Thumb Code    42  config.o(i.setProfile)
    spiInit                                  0x08003129   Thumb Code    28  bus_spi.o(i.spiInit)
    spiInitDevice                            0x08003145   Thumb Code   258  bus_spi.o(i.spiInitDevice)
    start_task                               0x0800325d   Thumb Code    80  main.o(i.start_task)
    systemInit                               0x080032d9   Thumb Code    70  main.o(i.systemInit)
    targetConfiguration                      0x08003329   Thumb Code    54  config.o(i.targetConfiguration)
    task1_task                               0x0800335f   Thumb Code    18  main.o(i.task1_task)
    timerClockDivisor                        0x080033ed   Thumb Code    38  timer_stm32f4xx.o(i.timerClockDivisor)
    timerInit                                0x08003429   Thumb Code   120  timer.o(i.timerInit)
    timerNVICConfigure4FreeRTOS              0x080034ad   Thumb Code    28  timer.o(i.timerNVICConfigure4FreeRTOS)
    timerRCC                                 0x080034c9   Thumb Code    30  timer.o(i.timerRCC)
    uartIrqHandler                           0x080034ed   Thumb Code   202  serial_uart_stm32f4xx.o(i.uartIrqHandler)
    uartOpen                                 0x080035c5   Thumb Code   360  serial_uart.o(i.uartOpen)
    uartRead                                 0x08003739   Thumb Code    44  serial_uart.o(i.uartRead)
    uartSetBaudRate                          0x080037f1   Thumb Code     6  serial_uart.o(i.uartSetBaudRate)
    uartSetMode                              0x080037f7   Thumb Code     6  serial_uart.o(i.uartSetMode)
    uartStartTxDMA                           0x080037fd   Thumb Code    74  serial_uart.o(i.uartStartTxDMA)
    uartTotalRxBytesWaiting                  0x08003847   Thumb Code    24  serial_uart.o(i.uartTotalRxBytesWaiting)
    uartTotalTxBytesFree                     0x0800385f   Thumb Code    38  serial_uart.o(i.uartTotalTxBytesFree)
    uartWrite                                0x08003885   Thumb Code    48  serial_uart.o(i.uartWrite)
    useRcControlsConfig                      0x080038b5   Thumb Code    22  rc_controls.o(i.useRcControlsConfig)
    uxListRemove                             0x080038d1   Thumb Code    38  list.o(i.uxListRemove)
    vListInitialise                          0x080038f7   Thumb Code    22  list.o(i.vListInitialise)
    vListInitialiseItem                      0x0800390d   Thumb Code     6  list.o(i.vListInitialiseItem)
    vListInsert                              0x08003913   Thumb Code    48  list.o(i.vListInsert)
    vListInsertEnd                           0x08003943   Thumb Code    24  list.o(i.vListInsertEnd)
    vPortEnterCritical                       0x0800395d   Thumb Code    54  port.o(i.vPortEnterCritical)
    vPortExitCritical                        0x0800399d   Thumb Code    34  port.o(i.vPortExitCritical)
    vPortFree                                0x080039c5   Thumb Code    88  heap_4.o(i.vPortFree)
    vPortSetupTimerInterrupt                 0x08003a21   Thumb Code    32  port.o(i.vPortSetupTimerInterrupt)
    vPortValidateInterruptPriority           0x08003a45   Thumb Code    74  port.o(i.vPortValidateInterruptPriority)
    vQueueAddToRegistry                      0x08003a99   Thumb Code    34  queue.o(i.vQueueAddToRegistry)
    vQueueWaitForMessageRestricted           0x08003ac1   Thumb Code    68  queue.o(i.vQueueWaitForMessageRestricted)
    vTaskDelay                               0x08003b05   Thumb Code    66  tasks.o(i.vTaskDelay)
    vTaskDelete                              0x08003b51   Thumb Code   158  tasks.o(i.vTaskDelete)
    vTaskInternalSetTimeOutState             0x08003bfd   Thumb Code    12  tasks.o(i.vTaskInternalSetTimeOutState)
    vTaskMissedYield                         0x08003c0d   Thumb Code     8  tasks.o(i.vTaskMissedYield)
    vTaskPlaceOnEventList                    0x08003c19   Thumb Code    44  tasks.o(i.vTaskPlaceOnEventList)
    vTaskPlaceOnEventListRestricted          0x08003c49   Thumb Code    52  tasks.o(i.vTaskPlaceOnEventListRestricted)
    vTaskPriorityDisinheritAfterTimeout      0x08003c81   Thumb Code   160  tasks.o(i.vTaskPriorityDisinheritAfterTimeout)
    vTaskStartScheduler                      0x08003d29   Thumb Code    94  tasks.o(i.vTaskStartScheduler)
    vTaskSuspendAll                          0x08003d99   Thumb Code    10  tasks.o(i.vTaskSuspendAll)
    vTaskSwitchContext                       0x08003da9   Thumb Code    82  tasks.o(i.vTaskSwitchContext)
    validateAndFixConfig                     0x08003e05   Thumb Code    64  config.o(i.validateAndFixConfig)
    validateAndFixGyroConfig                 0x08003e45   Thumb Code    38  config.o(i.validateAndFixGyroConfig)
    xPortStartScheduler                      0x08003e71   Thumb Code   222  port.o(i.xPortStartScheduler)
    xPortSysTickHandler                      0x08003f65   Thumb Code    38  port.o(i.xPortSysTickHandler)
    xQueueGenericCreate                      0x08003f91   Thumb Code    82  queue.o(i.xQueueGenericCreate)
    xQueueGenericReset                       0x08003fe5   Thumb Code   132  queue.o(i.xQueueGenericReset)
    xQueueGenericSend                        0x0800406d   Thumb Code   346  queue.o(i.xQueueGenericSend)
    xQueueGenericSendFromISR                 0x080041cd   Thumb Code   188  queue.o(i.xQueueGenericSendFromISR)
    xQueueGiveFromISR                        0x08004289   Thumb Code   156  queue.o(i.xQueueGiveFromISR)
    xQueueReceive                            0x08004325   Thumb Code   308  queue.o(i.xQueueReceive)
    xQueueSemaphoreTake                      0x0800445d   Thumb Code   372  queue.o(i.xQueueSemaphoreTake)
    xTaskCheckForTimeOut                     0x080045d5   Thumb Code   112  tasks.o(i.xTaskCheckForTimeOut)
    xTaskCreate                              0x08004649   Thumb Code    86  tasks.o(i.xTaskCreate)
    xTaskGetSchedulerState                   0x080046a1   Thumb Code    22  tasks.o(i.xTaskGetSchedulerState)
    xTaskGetTickCount                        0x080046bd   Thumb Code     6  tasks.o(i.xTaskGetTickCount)
    xTaskIncrementTick                       0x080046c9   Thumb Code   192  tasks.o(i.xTaskIncrementTick)
    xTaskPriorityDisinherit                  0x08004791   Thumb Code   144  tasks.o(i.xTaskPriorityDisinherit)
    xTaskPriorityInherit                     0x08004829   Thumb Code   138  tasks.o(i.xTaskPriorityInherit)
    xTaskRemoveFromEventList                 0x080048bd   Thumb Code   108  tasks.o(i.xTaskRemoveFromEventList)
    xTaskResumeAll                           0x08004931   Thumb Code   182  tasks.o(i.xTaskResumeAll)
    xTimerCreateTimerTask                    0x080049f5   Thumb Code    58  timers.o(i.xTimerCreateTimerTask)
    xTimerGenericCommand                     0x08004a41   Thumb Code    92  timers.o(i.xTimerGenericCommand)
    _fp_init                                 0x08004aa1   Thumb Code    10  fpinit.o(x$fpl$fpinit)
    __fplib_config_fpu_vfp                   0x08004aa9   Thumb Code     0  fpinit.o(x$fpl$fpinit)
    __fplib_config_pureend_doubles           0x08004aa9   Thumb Code     0  fpinit.o(x$fpl$fpinit)
    timerHardware                            0x08004aac   Data         168  target.o(.constdata)
    ioPortDefs                               0x08004b8b   Data           6  io.o(.constdata)
    serialPortIdentifiers                    0x08004b9c   Data           3  serial.o(.constdata)
    uartVTable                               0x08004ba0   Data          40  serial_uart.o(.constdata)
    timerDefinitions                         0x08004bc8   Data         112  timer_stm32f4xx.o(.constdata)
    rcChannelLetters                         0x08004c3f   Data          21  rx.o(.constdata)
    Region$$Table$$Base                      0x08004c54   Number         0  anon$$obj.o(Region$$Table)
    Region$$Table$$Limit                     0x08004c74   Number         0  anon$$obj.o(Region$$Table)
    systemState                              0x20000010   Data           1  main.o(.data)
    StartTask_Handler                        0x20000014   Data           4  main.o(.data)
    Task1Task_Handler                        0x20000018   Data           4  main.o(.data)
    DataprocessTask_Handler                  0x2000001c   Data           4  main.o(.data)
    BinarySemaphore                          0x20000020   Data           4  main.o(.data)
    __stdout                                 0x20000024   Data           4  main.o(.data)
    SystemCoreClock                          0x20000028   Data           4  system_stm32f4xx.o(.data)
    AHBPrescTable                            0x2000002c   Data          16  system_stm32f4xx.o(.data)
    sysTickUptime                            0x20000040   Data           4  system.o(.data)
    uart3                                    0x200006b8   Data        1148  serial_uart_stm32f4xx.o(.data)
    RecvLen                                  0x20000fb0   Data           2  serial_uart_stm32f4xx.o(.data)
    timerInfo                                0x20000fcc   Data           6  timer.o(.data)
    currentProfile                           0x20000fd8   Data           4  config.o(.data)
    currentControlRateProfile                0x20000fdc   Data           4  config.o(.data)
    motorControlEnable                       0x20000fe0   Data           1  fc_core.o(.data)
    currentMixerMode                         0x20000ff5   Data           1  mixer.o(.data)
    motorOutputHigh                          0x20000ff8   Data           2  mixer.o(.data)
    motorOutputLow                           0x20000ffa   Data           2  mixer.o(.data)
    rxConfig                                 0x20001008   Data           4  mixer.o(.data)
    debugMode                                0x2000103c   Data           1  debug.o(.data)
    pxCurrentTCB                             0x20001040   Data           4  tasks.o(.data)
    clocks                                   0x200010b4   Data          16  system.o(.bss)
    button                                   0x200010c4   Data          12  button.o(.bss)
    extiChannelRecs                          0x200010d0   Data          64  exti.o(.bss)
    ioRecs                                   0x20001110   Data         640  io.o(.bss)
    timerConfig                              0x200013c4   Data         240  timer.o(.bss)
    timerChannelInfo                         0x200014b4   Data          14  timer.o(.bss)
    masterConfig                             0x200014c4   Data         884  config.o(.bss)
    rxRuntimeConfig                          0x20001890   Data          12  rx.o(.bss)
    rcRaw                                    0x2000189c   Data          36  rx.o(.bss)
    rcData                                   0x200018c0   Data          36  rx.o(.bss)
    rcInvalidPulsPeriod                      0x200018e4   Data          72  rx.o(.bss)
    xQueueRegistry                           0x20001990   Data          64  queue.o(.bss)
    __libspace_start                         0x200146c0   Data          96  libspace.o(.bss)
    __temporary_stack_top$libspace           0x20014720   Data           0  libspace.o(.bss)



==============================================================================

Memory Map of the image

  Image Entry point : 0x08000189

  Load Region LR_IROM1 (Base: 0x08000000, Size: 0x00005d28, Max: 0x00100000, ABSOLUTE, COMPRESSED[0x00004d94])

    Execution Region ER_IROM1 (Exec base: 0x08000000, Load base: 0x08000000, Size: 0x00004c74, Max: 0x00100000, ABSOLUTE)

    Exec Addr    Load Addr    Size         Type   Attr      Idx    E Section Name        Object

    0x08000000   0x08000000   0x00000188   Data   RO            3    RESET               startup_stm32f407xx.o
    0x08000188   0x08000188   0x00000008   Code   RO         7063  * !!!main             c_w.l(__main.o)
    0x08000190   0x08000190   0x00000034   Code   RO         7394    !!!scatter          c_w.l(__scatter.o)
    0x080001c4   0x080001c4   0x0000005a   Code   RO         7392    !!dczerorl2         c_w.l(__dczerorl2.o)
    0x0800021e   0x0800021e   0x00000002   PAD
    0x08000220   0x08000220   0x0000001c   Code   RO         7396    !!handler_zi        c_w.l(__scatter_zi.o)
    0x0800023c   0x0800023c   0x00000000   Code   RO         7036    .ARM.Collect$$_printf_percent$$00000000  c_w.l(_printf_percent.o)
    0x0800023c   0x0800023c   0x00000006   Code   RO         7033    .ARM.Collect$$_printf_percent$$00000009  c_w.l(_printf_d.o)
    0x08000242   0x08000242   0x00000006   Code   RO         7031    .ARM.Collect$$_printf_percent$$00000014  c_w.l(_printf_s.o)
    0x08000248   0x08000248   0x00000004   Code   RO         7157    .ARM.Collect$$_printf_percent$$00000017  c_w.l(_printf_percent_end.o)
    0x0800024c   0x0800024c   0x00000002   Code   RO         7265    .ARM.Collect$$libinit$$00000000  c_w.l(libinit.o)
    0x0800024e   0x0800024e   0x00000004   Code   RO         7266    .ARM.Collect$$libinit$$00000001  c_w.l(libinit2.o)
    0x08000252   0x08000252   0x00000000   Code   RO         7269    .ARM.Collect$$libinit$$00000004  c_w.l(libinit2.o)
    0x08000252   0x08000252   0x00000000   Code   RO         7272    .ARM.Collect$$libinit$$0000000A  c_w.l(libinit2.o)
    0x08000252   0x08000252   0x00000000   Code   RO         7274    .ARM.Collect$$libinit$$0000000C  c_w.l(libinit2.o)
    0x08000252   0x08000252   0x00000000   Code   RO         7276    .ARM.Collect$$libinit$$0000000E  c_w.l(libinit2.o)
    0x08000252   0x08000252   0x00000000   Code   RO         7279    .ARM.Collect$$libinit$$00000011  c_w.l(libinit2.o)
    0x08000252   0x08000252   0x00000000   Code   RO         7281    .ARM.Collect$$libinit$$00000013  c_w.l(libinit2.o)
    0x08000252   0x08000252   0x00000000   Code   RO         7283    .ARM.Collect$$libinit$$00000015  c_w.l(libinit2.o)
    0x08000252   0x08000252   0x00000000   Code   RO         7285    .ARM.Collect$$libinit$$00000017  c_w.l(libinit2.o)
    0x08000252   0x08000252   0x00000000   Code   RO         7287    .ARM.Collect$$libinit$$00000019  c_w.l(libinit2.o)
    0x08000252   0x08000252   0x00000000   Code   RO         7289    .ARM.Collect$$libinit$$0000001B  c_w.l(libinit2.o)
    0x08000252   0x08000252   0x00000000   Code   RO         7291    .ARM.Collect$$libinit$$0000001D  c_w.l(libinit2.o)
    0x08000252   0x08000252   0x00000000   Code   RO         7293    .ARM.Collect$$libinit$$0000001F  c_w.l(libinit2.o)
    0x08000252   0x08000252   0x00000000   Code   RO         7295    .ARM.Collect$$libinit$$00000021  c_w.l(libinit2.o)
    0x08000252   0x08000252   0x00000000   Code   RO         7297    .ARM.Collect$$libinit$$00000023  c_w.l(libinit2.o)
    0x08000252   0x08000252   0x00000000   Code   RO         7299    .ARM.Collect$$libinit$$00000025  c_w.l(libinit2.o)
    0x08000252   0x08000252   0x00000000   Code   RO         7303    .ARM.Collect$$libinit$$0000002C  c_w.l(libinit2.o)
    0x08000252   0x08000252   0x00000000   Code   RO         7305    .ARM.Collect$$libinit$$0000002E  c_w.l(libinit2.o)
    0x08000252   0x08000252   0x00000000   Code   RO         7307    .ARM.Collect$$libinit$$00000030  c_w.l(libinit2.o)
    0x08000252   0x08000252   0x00000000   Code   RO         7309    .ARM.Collect$$libinit$$00000032  c_w.l(libinit2.o)
    0x08000252   0x08000252   0x00000002   Code   RO         7310    .ARM.Collect$$libinit$$00000033  c_w.l(libinit2.o)
    0x08000254   0x08000254   0x00000002   Code   RO         7340    .ARM.Collect$$libshutdown$$00000000  c_w.l(libshutdown.o)
    0x08000256   0x08000256   0x00000000   Code   RO         7351    .ARM.Collect$$libshutdown$$00000002  c_w.l(libshutdown2.o)
    0x08000256   0x08000256   0x00000000   Code   RO         7353    .ARM.Collect$$libshutdown$$00000004  c_w.l(libshutdown2.o)
    0x08000256   0x08000256   0x00000000   Code   RO         7356    .ARM.Collect$$libshutdown$$00000007  c_w.l(libshutdown2.o)
    0x08000256   0x08000256   0x00000000   Code   RO         7359    .ARM.Collect$$libshutdown$$0000000A  c_w.l(libshutdown2.o)
    0x08000256   0x08000256   0x00000000   Code   RO         7361    .ARM.Collect$$libshutdown$$0000000C  c_w.l(libshutdown2.o)
    0x08000256   0x08000256   0x00000000   Code   RO         7364    .ARM.Collect$$libshutdown$$0000000F  c_w.l(libshutdown2.o)
    0x08000256   0x08000256   0x00000002   Code   RO         7365    .ARM.Collect$$libshutdown$$00000010  c_w.l(libshutdown2.o)
    0x08000258   0x08000258   0x00000000   Code   RO         7133    .ARM.Collect$$rtentry$$00000000  c_w.l(__rtentry.o)
    0x08000258   0x08000258   0x00000000   Code   RO         7190    .ARM.Collect$$rtentry$$00000002  c_w.l(__rtentry2.o)
    0x08000258   0x08000258   0x00000006   Code   RO         7202    .ARM.Collect$$rtentry$$00000004  c_w.l(__rtentry4.o)
    0x0800025e   0x0800025e   0x00000000   Code   RO         7192    .ARM.Collect$$rtentry$$00000009  c_w.l(__rtentry2.o)
    0x0800025e   0x0800025e   0x00000004   Code   RO         7193    .ARM.Collect$$rtentry$$0000000A  c_w.l(__rtentry2.o)
    0x08000262   0x08000262   0x00000000   Code   RO         7195    .ARM.Collect$$rtentry$$0000000C  c_w.l(__rtentry2.o)
    0x08000262   0x08000262   0x00000008   Code   RO         7196    .ARM.Collect$$rtentry$$0000000D  c_w.l(__rtentry2.o)
    0x0800026a   0x0800026a   0x00000002   Code   RO         7311    .ARM.Collect$$rtexit$$00000000  c_w.l(rtexit.o)
    0x0800026c   0x0800026c   0x00000000   Code   RO         7318    .ARM.Collect$$rtexit$$00000002  c_w.l(rtexit2.o)
    0x0800026c   0x0800026c   0x00000004   Code   RO         7319    .ARM.Collect$$rtexit$$00000003  c_w.l(rtexit2.o)
    0x08000270   0x08000270   0x00000006   Code   RO         7320    .ARM.Collect$$rtexit$$00000004  c_w.l(rtexit2.o)
    0x08000276   0x08000276   0x00000002   PAD
    0x08000278   0x08000278   0x000000be   Code   RO         6895    .emb_text           port.o
    0x08000336   0x08000336   0x00000002   PAD
    0x08000338   0x08000338   0x00000040   Code   RO            4    .text               startup_stm32f407xx.o
    0x08000378   0x08000378   0x00000018   Code   RO         6980    .text               c_w.l(noretval__2printf.o)
    0x08000390   0x08000390   0x00000028   Code   RO         6982    .text               c_w.l(noretval__2sprintf.o)
    0x080003b8   0x080003b8   0x00000068   Code   RO         6984    .text               c_w.l(__printf.o)
    0x08000420   0x08000420   0x00000052   Code   RO         6986    .text               c_w.l(_printf_str.o)
    0x08000472   0x08000472   0x00000002   PAD
    0x08000474   0x08000474   0x00000078   Code   RO         6988    .text               c_w.l(_printf_dec.o)
    0x080004ec   0x080004ec   0x00000014   Code   RO         7039    .text               c_w.l(strchr.o)
    0x08000500   0x08000500   0x0000008a   Code   RO         7047    .text               c_w.l(rt_memcpy_v6.o)
    0x0800058a   0x0800058a   0x00000064   Code   RO         7049    .text               c_w.l(rt_memcpy_w.o)
    0x080005ee   0x080005ee   0x00000010   Code   RO         7051    .text               c_w.l(aeabi_memset.o)
    0x080005fe   0x080005fe   0x00000044   Code   RO         7053    .text               c_w.l(rt_memclr.o)
    0x08000642   0x08000642   0x0000004e   Code   RO         7055    .text               c_w.l(rt_memclr_w.o)
    0x08000690   0x08000690   0x00000056   Code   RO         7057    .text               c_w.l(strncpy.o)
    0x080006e6   0x080006e6   0x00000002   PAD
    0x080006e8   0x080006e8   0x00000080   Code   RO         7059    .text               c_w.l(strcmpv7m.o)
    0x08000768   0x08000768   0x00000006   Code   RO         7061    .text               c_w.l(heapauxi.o)
    0x0800076e   0x0800076e   0x000000b2   Code   RO         7145    .text               c_w.l(_printf_intcommon.o)
    0x08000820   0x08000820   0x00000030   Code   RO         7149    .text               c_w.l(_printf_char_common.o)
    0x08000850   0x08000850   0x0000000a   Code   RO         7151    .text               c_w.l(_sputc.o)
    0x0800085a   0x0800085a   0x0000002c   Code   RO         7153    .text               c_w.l(_printf_char.o)
    0x08000886   0x08000886   0x00000002   PAD
    0x08000888   0x08000888   0x00000024   Code   RO         7155    .text               c_w.l(_printf_char_file.o)
    0x080008ac   0x080008ac   0x00000008   Code   RO         7186    .text               c_w.l(libspace.o)
    0x080008b4   0x080008b4   0x00000008   Code   RO         7242    .text               c_w.l(ferror.o)
    0x080008bc   0x080008bc   0x0000004a   Code   RO         7254    .text               c_w.l(sys_stackheap_outer.o)
    0x08000906   0x08000906   0x00000012   Code   RO         7258    .text               c_w.l(exit.o)
    0x08000918   0x08000918   0x0000000c   Code   RO         7330    .text               c_w.l(sys_exit.o)
    0x08000924   0x08000924   0x00000002   Code   RO         7341    .text               c_w.l(use_no_semi.o)
    0x08000926   0x08000926   0x00000000   Code   RO         7343    .text               c_w.l(indicate_semi.o)
    0x08000926   0x08000926   0x00000002   PAD
    0x08000928   0x08000928   0x0000008c   Code   RO         2102    i.CommandProcess    main.o
    0x080009b4   0x080009b4   0x00000010   Code   RO         2942    i.DMA1_Stream0_IRQHandler  dma_stm32f4xx.o
    0x080009c4   0x080009c4   0x00000014   Code   RO         2943    i.DMA1_Stream1_IRQHandler  dma_stm32f4xx.o
    0x080009d8   0x080009d8   0x00000014   Code   RO         2944    i.DMA1_Stream2_IRQHandler  dma_stm32f4xx.o
    0x080009ec   0x080009ec   0x00000014   Code   RO         2945    i.DMA1_Stream3_IRQHandler  dma_stm32f4xx.o
    0x08000a00   0x08000a00   0x00000014   Code   RO         2946    i.DMA1_Stream4_IRQHandler  dma_stm32f4xx.o
    0x08000a14   0x08000a14   0x00000014   Code   RO         2947    i.DMA1_Stream5_IRQHandler  dma_stm32f4xx.o
    0x08000a28   0x08000a28   0x00000014   Code   RO         2948    i.DMA1_Stream6_IRQHandler  dma_stm32f4xx.o
    0x08000a3c   0x08000a3c   0x00000014   Code   RO         2949    i.DMA1_Stream7_IRQHandler  dma_stm32f4xx.o
    0x08000a50   0x08000a50   0x00000014   Code   RO         2950    i.DMA2_Stream0_IRQHandler  dma_stm32f4xx.o
    0x08000a64   0x08000a64   0x00000014   Code   RO         2951    i.DMA2_Stream1_IRQHandler  dma_stm32f4xx.o
    0x08000a78   0x08000a78   0x00000018   Code   RO         2952    i.DMA2_Stream2_IRQHandler  dma_stm32f4xx.o
    0x08000a90   0x08000a90   0x00000018   Code   RO         2953    i.DMA2_Stream3_IRQHandler  dma_stm32f4xx.o
    0x08000aa8   0x08000aa8   0x00000018   Code   RO         2954    i.DMA2_Stream4_IRQHandler  dma_stm32f4xx.o
    0x08000ac0   0x08000ac0   0x00000018   Code   RO         2955    i.DMA2_Stream5_IRQHandler  dma_stm32f4xx.o
    0x08000ad8   0x08000ad8   0x00000018   Code   RO         2956    i.DMA2_Stream6_IRQHandler  dma_stm32f4xx.o
    0x08000af0   0x08000af0   0x00000018   Code   RO         2957    i.DMA2_Stream7_IRQHandler  dma_stm32f4xx.o
    0x08000b08   0x08000b08   0x00000014   Code   RO          123    i.DMA_Cmd           stm32f4xx_dma.o
    0x08000b1c   0x08000b1c   0x00000124   Code   RO          124    i.DMA_DeInit        stm32f4xx_dma.o
    0x08000c40   0x08000c40   0x00000006   Code   RO          129    i.DMA_GetCurrDataCounter  stm32f4xx_dma.o
    0x08000c46   0x08000c46   0x0000002c   Code   RO          134    i.DMA_ITConfig      stm32f4xx_dma.o
    0x08000c72   0x08000c72   0x00000002   PAD
    0x08000c74   0x08000c74   0x00000054   Code   RO          135    i.DMA_Init          stm32f4xx_dma.o
    0x08000cc8   0x08000cc8   0x0000000a   Code   RO          136    i.DMA_MemoryTargetConfig  stm32f4xx_dma.o
    0x08000cd2   0x08000cd2   0x00000004   Code   RO          138    i.DMA_SetCurrDataCounter  stm32f4xx_dma.o
    0x08000cd6   0x08000cd6   0x00000022   Code   RO          139    i.DMA_StructInit    stm32f4xx_dma.o
    0x08000cf8   0x08000cf8   0x00000004   Code   RO         3077    i.EXTI0_IRQHandler  exti.o
    0x08000cfc   0x08000cfc   0x00000004   Code   RO         3078    i.EXTI15_10_IRQHandler  exti.o
    0x08000d00   0x08000d00   0x00000004   Code   RO         3079    i.EXTI1_IRQHandler  exti.o
    0x08000d04   0x08000d04   0x00000004   Code   RO         3080    i.EXTI2_IRQHandler  exti.o
    0x08000d08   0x08000d08   0x00000004   Code   RO         3081    i.EXTI3_IRQHandler  exti.o
    0x08000d0c   0x08000d0c   0x00000004   Code   RO         3082    i.EXTI4_IRQHandler  exti.o
    0x08000d10   0x08000d10   0x00000004   Code   RO         3083    i.EXTI9_5_IRQHandler  exti.o
    0x08000d14   0x08000d14   0x00000090   Code   RO         3084    i.EXTIConfig        exti.o
    0x08000da4   0x08000da4   0x00000020   Code   RO         3085    i.EXTIEnable        exti.o
    0x08000dc4   0x08000dc4   0x00000004   Code   RO         3086    i.EXTIHandlerInit   exti.o
    0x08000dc8   0x08000dc8   0x00000028   Code   RO         3087    i.EXTIInit          exti.o
    0x08000df0   0x08000df0   0x0000000c   Code   RO          254    i.EXTI_ClearITPendingBit  stm32f4xx_exti.o
    0x08000dfc   0x08000dfc   0x00000040   Code   RO         3089    i.EXTI_IRQHandler   exti.o
    0x08000e3c   0x08000e3c   0x00000070   Code   RO          259    i.EXTI_Init         stm32f4xx_exti.o
    0x08000eac   0x08000eac   0x00000094   Code   RO         2103    i.EnableGPIOClk     main.o
    0x08000f40   0x08000f40   0x000000a2   Code   RO          578    i.GPIO_Init         stm32f4xx_gpio.o
    0x08000fe2   0x08000fe2   0x00000020   Code   RO          579    i.GPIO_PinAFConfig  stm32f4xx_gpio.o
    0x08001002   0x08001002   0x00000012   Code   RO          587    i.GPIO_StructInit   stm32f4xx_gpio.o
    0x08001014   0x08001014   0x00000048   Code   RO         3265    i.IOConfigGPIO      io.o
    0x0800105c   0x0800105c   0x0000005c   Code   RO         3266    i.IOConfigGPIOAF    io.o
    0x080010b8   0x080010b8   0x0000006c   Code   RO         3267    i.IOGetByTag        io.o
    0x08001124   0x08001124   0x00000040   Code   RO         3268    i.IOGlobalInit      io.o
    0x08001164   0x08001164   0x0000000c   Code   RO         3269    i.IOHi              io.o
    0x08001170   0x08001170   0x00000006   Code   RO         3270    i.IOInit            io.o
    0x08001176   0x08001176   0x00000014   Code   RO         3274    i.IOToggle          io.o
    0x0800118a   0x0800118a   0x00000012   Code   RO         3275    i.IOWrite           io.o
    0x0800119c   0x0800119c   0x00000012   Code   RO         3276    i.IO_EXTI_Line      io.o
    0x080011ae   0x080011ae   0x00000004   Code   RO         3277    i.IO_EXTI_PinSource  io.o
    0x080011b2   0x080011b2   0x00000004   Code   RO         3278    i.IO_EXTI_PortSourceGPIO  io.o
    0x080011b6   0x080011b6   0x00000014   Code   RO         3280    i.IO_GPIOPinIdx     io.o
    0x080011ca   0x080011ca   0x00000002   PAD
    0x080011cc   0x080011cc   0x00000018   Code   RO         3281    i.IO_GPIOPortIdx    io.o
    0x080011e4   0x080011e4   0x00000004   Code   RO         3282    i.IO_GPIO_PinSource  io.o
    0x080011e8   0x080011e8   0x00000088   Code   RO         3405    i.LedInit           led.o
    0x08001270   0x08001270   0x00000028   Code   RO         3406    i.LedSet            led.o
    0x08001298   0x08001298   0x00000010   Code   RO         3407    i.LedToggle         led.o
    0x080012a8   0x080012a8   0x0000001e   Code   RO         2104    i.LowerToUpper      main.o
    0x080012c6   0x080012c6   0x00000002   PAD
    0x080012c8   0x080012c8   0x00000064   Code   RO           13    i.NVIC_Init         misc.o
    0x0800132c   0x0800132c   0x00000014   Code   RO           14    i.NVIC_PriorityGroupConfig  misc.o
    0x08001340   0x08001340   0x00000018   Code   RO          793    i.RCC_AHB1PeriphClockCmd  stm32f4xx_rcc.o
    0x08001358   0x08001358   0x00000018   Code   RO          795    i.RCC_AHB1PeriphResetCmd  stm32f4xx_rcc.o
    0x08001370   0x08001370   0x00000018   Code   RO          796    i.RCC_AHB2PeriphClockCmd  stm32f4xx_rcc.o
    0x08001388   0x08001388   0x00000018   Code   RO          802    i.RCC_APB1PeriphClockCmd  stm32f4xx_rcc.o
    0x080013a0   0x080013a0   0x00000018   Code   RO          804    i.RCC_APB1PeriphResetCmd  stm32f4xx_rcc.o
    0x080013b8   0x080013b8   0x00000018   Code   RO          805    i.RCC_APB2PeriphClockCmd  stm32f4xx_rcc.o
    0x080013d0   0x080013d0   0x00000018   Code   RO          807    i.RCC_APB2PeriphResetCmd  stm32f4xx_rcc.o
    0x080013e8   0x080013e8   0x00000010   Code   RO          810    i.RCC_ClearFlag     stm32f4xx_rcc.o
    0x080013f8   0x080013f8   0x00000024   Code   RO         3550    i.RCC_ClockCmd      rcc.o
    0x0800141c   0x0800141c   0x00000090   Code   RO          814    i.RCC_GetClocksFreq  stm32f4xx_rcc.o
    0x080014ac   0x080014ac   0x00000024   Code   RO         3551    i.RCC_ResetCmd      rcc.o
    0x080014d0   0x080014d0   0x00000020   Code   RO         4387    i.ResetLedStatusConfig  config.o
    0x080014f0   0x080014f0   0x0000002c   Code   RO         4388    i.ResetLedTimerConfig  config.o
    0x0800151c   0x0800151c   0x0000004c   Code   RO         4390    i.ResetMotorConfig  config.o
    0x08001568   0x08001568   0x0000003c   Code   RO         4391    i.ResetSerialConfig  config.o
    0x080015a4   0x080015a4   0x00000064   Code   RO         4392    i.ResetSerialPinConfig  config.o
    0x08001608   0x08001608   0x00000014   Code   RO         1137    i.SPI_Cmd           stm32f4xx_spi.o
    0x0800161c   0x0800161c   0x00000084   Code   RO         1144    i.SPI_I2S_DeInit    stm32f4xx_spi.o
    0x080016a0   0x080016a0   0x00000038   Code   RO         1150    i.SPI_Init          stm32f4xx_spi.o
    0x080016d8   0x080016d8   0x00000030   Code   RO         1302    i.SYSCFG_EXTILineConfig  stm32f4xx_syscfg.o
    0x08001708   0x08001708   0x000000b4   Code   RO         2444    i.SetSysClock       system_stm32f4xx.o
    0x080017bc   0x080017bc   0x00000014   Code   RO         2524    i.SysTick_Handler   system.o
    0x080017d0   0x080017d0   0x00000024   Code   RO         2525    i.SysTick_Init      system.o
    0x080017f4   0x080017f4   0x0000005c   Code   RO         2446    i.SystemInit        system_stm32f4xx.o
    0x08001850   0x08001850   0x00000010   Code   RO         4191    i.TIM1_CC_IRQHandler  timer.o
    0x08001860   0x08001860   0x00000010   Code   RO         4192    i.TIM2_IRQHandler   timer.o
    0x08001870   0x08001870   0x00000010   Code   RO         4193    i.TIM3_IRQHandler   timer.o
    0x08001880   0x08001880   0x00000010   Code   RO         4194    i.TIM4_IRQHandler   timer.o
    0x08001890   0x08001890   0x00000014   Code   RO         1373    i.TIM_Cmd           stm32f4xx_tim.o
    0x080018a4   0x080018a4   0x00000010   Code   RO         1398    i.TIM_ITConfig      stm32f4xx_tim.o
    0x080018b4   0x080018b4   0x0000007c   Code   RO         1445    i.TIM_TimeBaseInit  stm32f4xx_tim.o
    0x08001930   0x08001930   0x00000012   Code   RO         1446    i.TIM_TimeBaseStructInit  stm32f4xx_tim.o
    0x08001942   0x08001942   0x00000030   Code   RO         2105    i.TimerInitForFreeRTOS  main.o
    0x08001972   0x08001972   0x00000002   PAD
    0x08001974   0x08001974   0x00000010   Code   RO         4069    i.USART1_IRQHandler  serial_uart_stm32f4xx.o
    0x08001984   0x08001984   0x00000010   Code   RO         4070    i.USART3_IRQHandler  serial_uart_stm32f4xx.o
    0x08001994   0x08001994   0x00000010   Code   RO         4071    i.USART6_IRQHandler  serial_uart_stm32f4xx.o
    0x080019a4   0x080019a4   0x0000000c   Code   RO         1911    i.USART_ClearITPendingBit  stm32f4xx_usart.o
    0x080019b0   0x080019b0   0x00000014   Code   RO         1914    i.USART_Cmd         stm32f4xx_usart.o
    0x080019c4   0x080019c4   0x00000010   Code   RO         1915    i.USART_DMACmd      stm32f4xx_usart.o
    0x080019d4   0x080019d4   0x0000003e   Code   RO         1918    i.USART_GetITStatus  stm32f4xx_usart.o
    0x08001a12   0x08001a12   0x00000014   Code   RO         1919    i.USART_HalfDuplexCmd  stm32f4xx_usart.o
    0x08001a26   0x08001a26   0x00000030   Code   RO         1920    i.USART_ITConfig    stm32f4xx_usart.o
    0x08001a56   0x08001a56   0x00000002   PAD
    0x08001a58   0x08001a58   0x000000ac   Code   RO         1921    i.USART_Init        stm32f4xx_usart.o
    0x08001b04   0x08001b04   0x00000008   Code   RO         1931    i.USART_SendData    stm32f4xx_usart.o
    0x08001b0c   0x08001b0c   0x00000034   Code   RO         4393    i.activateConfig    config.o
    0x08001b40   0x08001b40   0x00000010   Code   RO         2887    i.btnIntExtiHandler  button.o
    0x08001b50   0x08001b50   0x00000054   Code   RO         2888    i.buttonInit        button.o
    0x08001ba4   0x08001ba4   0x00000004   Code   RO         4398    i.checkEEPROMContainsValidData  config.o
    0x08001ba8   0x08001ba8   0x0000004c   Code   RO         4195    i.configTimeBaseKhz  timer.o
    0x08001bf4   0x08001bf4   0x00000010   Code   RO         4399    i.constrain         config.o
    0x08001c04   0x08001c04   0x0000020c   Code   RO         4400    i.createDefaultConfig  config.o
    0x08001e10   0x08001e10   0x000000d8   Code   RO         2106    i.dataprocess_task  main.o
    0x08001ee8   0x08001ee8   0x00000014   Code   RO         5338    i.feature           feature.o
    0x08001efc   0x08001efc   0x00000010   Code   RO         5339    i.featureClear      feature.o
    0x08001f0c   0x08001f0c   0x00000014   Code   RO         5341    i.featureConfigured  feature.o
    0x08001f20   0x08001f20   0x00000010   Code   RO         5343    i.featureSet        feature.o
    0x08001f30   0x08001f30   0x00000028   Code   RO         3894    i.findNextSerialPortConfig  serial.o
    0x08001f58   0x08001f58   0x00000010   Code   RO         3895    i.findSerialPortConfig  serial.o
    0x08001f68   0x08001f68   0x0000001c   Code   RO         3896    i.findSerialPortIndexByIdentifier  serial.o
    0x08001f84   0x08001f84   0x00000028   Code   RO         3897    i.findSerialPortUsageByIdentifier  serial.o
    0x08001fac   0x08001fac   0x0000000e   Code   RO         2107    i.fputc             main.o
    0x08001fba   0x08001fba   0x00000002   PAD
    0x08001fbc   0x08001fbc   0x0000007c   Code   RO         4629    i.generateThrottleCurve  fc_rc.o
    0x08002038   0x08002038   0x00000002   Code   RO         5282    i.initEEPROM        config_eeprom.o
    0x0800203a   0x0800203a   0x00000006   Code   RO         5345    i.intFeatureClearAll  feature.o
    0x08002040   0x08002040   0x00000008   Code   RO         5346    i.intFeatureSet     feature.o
    0x08002048   0x08002048   0x00000026   Code   RO         4687    i.isModeActivationConditionPresent  rc_controls.o
    0x0800206e   0x0800206e   0x0000001a   Code   RO         3983    i.isUartTransmitBufferEmpty  serial_uart.o
    0x08002088   0x08002088   0x00000014   Code   RO         5347    i.latchActiveFeatures  feature.o
    0x0800209c   0x0800209c   0x000000fc   Code   RO         2108    i.main              main.o
    0x08002198   0x08002198   0x00000054   Code   RO         2528    i.micros            system.o
    0x080021ec   0x080021ec   0x0000004c   Code   RO         2529    i.microsISR         system.o
    0x08002238   0x08002238   0x0000000c   Code   RO         2530    i.millis            system.o
    0x08002244   0x08002244   0x0000000c   Code   RO         5205    i.mixerUseConfigs   mixer.o
    0x08002250   0x08002250   0x00000004   Code   RO         5738    i.nullFrameStatus   rx.o
    0x08002254   0x08002254   0x00000004   Code   RO         5739    i.nullReadRawRC     rx.o
    0x08002258   0x08002258   0x0000006c   Code   RO         3899    i.openSerialPort    serial.o
    0x080022c4   0x080022c4   0x00000038   Code   RO         5740    i.parseRcChannels   rx.o
    0x080022fc   0x080022fc   0x00000070   Code   RO         6380    i.prvAddCurrentTaskToDelayedList  tasks.o
    0x0800236c   0x0800236c   0x000000d0   Code   RO         6381    i.prvAddNewTaskToReadyList  tasks.o
    0x0800243c   0x0800243c   0x00000050   Code   RO         6716    i.prvCheckForValidListAndQueue  timers.o
    0x0800248c   0x0800248c   0x00000026   Code   RO         6185    i.prvCopyDataFromQueue  queue.o
    0x080024b2   0x080024b2   0x0000006c   Code   RO         6186    i.prvCopyDataToQueue  queue.o
    0x0800251e   0x0800251e   0x00000014   Code   RO         6382    i.prvDeleteTCB      tasks.o
    0x08002532   0x08002532   0x00000002   PAD
    0x08002534   0x08002534   0x0000004c   Code   RO         6846    i.prvHeapInit       heap_4.o
    0x08002580   0x08002580   0x00000060   Code   RO         6383    i.prvIdleTask       tasks.o
    0x080025e0   0x080025e0   0x000000ae   Code   RO         6384    i.prvInitialiseNewTask  tasks.o
    0x0800268e   0x0800268e   0x00000002   PAD
    0x08002690   0x08002690   0x0000004c   Code   RO         6847    i.prvInsertBlockIntoFreeList  heap_4.o
    0x080026dc   0x080026dc   0x00000038   Code   RO         6717    i.prvInsertTimerInActiveList  timers.o
    0x08002714   0x08002714   0x0000001c   Code   RO         6187    i.prvIsQueueEmpty   queue.o
    0x08002730   0x08002730   0x000000b8   Code   RO         6718    i.prvProcessReceivedCommands  timers.o
    0x080027e8   0x080027e8   0x000000b4   Code   RO         6719    i.prvProcessTimerOrBlockTask  timers.o
    0x0800289c   0x0800289c   0x00000020   Code   RO         6386    i.prvResetNextTaskUnblockTime  tasks.o
    0x080028bc   0x080028bc   0x00000028   Code   RO         6720    i.prvSampleTimeNow  timers.o
    0x080028e4   0x080028e4   0x0000006c   Code   RO         6721    i.prvSwitchTimerLists  timers.o
    0x08002950   0x08002950   0x00000028   Code   RO         6896    i.prvTaskExitError  port.o
    0x08002978   0x08002978   0x00000024   Code   RO         6722    i.prvTimerTask      timers.o
    0x0800299c   0x0800299c   0x0000006a   Code   RO         6188    i.prvUnlockQueue    queue.o
    0x08002a06   0x08002a06   0x00000002   PAD
    0x08002a08   0x08002a08   0x000000d8   Code   RO         6848    i.pvPortMalloc      heap_4.o
    0x08002ae0   0x08002ae0   0x00000018   Code   RO         6388    i.pvTaskIncrementMutexHeldCount  tasks.o
    0x08002af8   0x08002af8   0x0000002c   Code   RO         6897    i.pxPortInitialiseStack  port.o
    0x08002b24   0x08002b24   0x0000001c   Code   RO         5284    i.readEEPROM        config_eeprom.o
    0x08002b40   0x08002b40   0x00000018   Code   RO         5742    i.resetAllRxChannelRangeConfigurations  rx.o
    0x08002b58   0x08002b58   0x00000018   Code   RO         4403    i.resetEEPROM       config.o
    0x08002b70   0x08002b70   0x000000c4   Code   RO         4404    i.resetPidProfile   config.o
    0x08002c34   0x08002c34   0x0000005c   Code   RO         4405    i.resetProfile      config.o
    0x08002c90   0x08002c90   0x00000010   Code   RO         4406    i.resetRcControlsConfig  config.o
    0x08002ca0   0x08002ca0   0x000000d8   Code   RO         5743    i.rxInit            rx.o
    0x08002d78   0x08002d78   0x0000002c   Code   RO         3676    i.rxSerial3TestInit  rxserial3test.o
    0x08002da4   0x08002da4   0x00000010   Code   RO         3679    i.rxSerial3TestWrite  rxserial3test.o
    0x08002db4   0x08002db4   0x00000050   Code   RO         5835    i.sbusDataReceiveCallBack  sbus.o
    0x08002e04   0x08002e04   0x000000d8   Code   RO         5836    i.sbusFrameStatus   sbus.o
    0x08002edc   0x08002edc   0x0000007c   Code   RO         5837    i.sbusInit          sbus.o
    0x08002f58   0x08002f58   0x0000001c   Code   RO         5838    i.sbusReadRawRC     sbus.o
    0x08002f74   0x08002f74   0x00000034   Code   RO         3900    i.serialInit        serial.o
    0x08002fa8   0x08002fa8   0x00000012   Code   RO         5745    i.serialRxInit      rx.o
    0x08002fba   0x08002fba   0x00000002   PAD
    0x08002fbc   0x08002fbc   0x0000010c   Code   RO         4072    i.serialUART        serial_uart_stm32f4xx.o
    0x080030c8   0x080030c8   0x0000000c   Code   RO         4073    i.serialUART1       serial_uart_stm32f4xx.o
    0x080030d4   0x080030d4   0x0000000c   Code   RO         4074    i.serialUART3       serial_uart_stm32f4xx.o
    0x080030e0   0x080030e0   0x0000000c   Code   RO         4075    i.serialUART6       serial_uart_stm32f4xx.o
    0x080030ec   0x080030ec   0x00000006   Code   RO         3903    i.serialWrite       serial.o
    0x080030f2   0x080030f2   0x00000002   PAD
    0x080030f4   0x080030f4   0x00000034   Code   RO         4410    i.setProfile        config.o
    0x08003128   0x08003128   0x0000001c   Code   RO         2805    i.spiInit           bus_spi.o
    0x08003144   0x08003144   0x00000118   Code   RO         2806    i.spiInitDevice     bus_spi.o
    0x0800325c   0x0800325c   0x0000007c   Code   RO         2109    i.start_task        main.o
    0x080032d8   0x080032d8   0x00000050   Code   RO         2110    i.systemInit        main.o
    0x08003328   0x08003328   0x00000036   Code   RO         4411    i.targetConfiguration  config.o
    0x0800335e   0x0800335e   0x00000012   Code   RO         2111    i.task1_task        main.o
    0x08003370   0x08003370   0x0000007a   Code   RO         4199    i.timCCxHandler     timer.o
    0x080033ea   0x080033ea   0x00000002   PAD
    0x080033ec   0x080033ec   0x0000003c   Code   RO         4356    i.timerClockDivisor  timer_stm32f4xx.o
    0x08003428   0x08003428   0x00000084   Code   RO         4208    i.timerInit         timer.o
    0x080034ac   0x080034ac   0x0000001c   Code   RO         4211    i.timerNVICConfigure4FreeRTOS  timer.o
    0x080034c8   0x080034c8   0x00000024   Code   RO         4214    i.timerRCC          timer.o
    0x080034ec   0x080034ec   0x000000d8   Code   RO         4076    i.uartIrqHandler    serial_uart_stm32f4xx.o
    0x080035c4   0x080035c4   0x00000174   Code   RO         3984    i.uartOpen          serial_uart.o
    0x08003738   0x08003738   0x0000002c   Code   RO         3985    i.uartRead          serial_uart.o
    0x08003764   0x08003764   0x0000008c   Code   RO         3986    i.uartReconfigure   serial_uart.o
    0x080037f0   0x080037f0   0x00000006   Code   RO         3987    i.uartSetBaudRate   serial_uart.o
    0x080037f6   0x080037f6   0x00000006   Code   RO         3988    i.uartSetMode       serial_uart.o
    0x080037fc   0x080037fc   0x0000004a   Code   RO         3989    i.uartStartTxDMA    serial_uart.o
    0x08003846   0x08003846   0x00000018   Code   RO         3990    i.uartTotalRxBytesWaiting  serial_uart.o
    0x0800385e   0x0800385e   0x00000026   Code   RO         3991    i.uartTotalTxBytesFree  serial_uart.o
    0x08003884   0x08003884   0x00000030   Code   RO         3992    i.uartWrite         serial_uart.o
    0x080038b4   0x080038b4   0x0000001c   Code   RO         4689    i.useRcControlsConfig  rc_controls.o
    0x080038d0   0x080038d0   0x00000026   Code   RO         6148    i.uxListRemove      list.o
    0x080038f6   0x080038f6   0x00000016   Code   RO         6149    i.vListInitialise   list.o
    0x0800390c   0x0800390c   0x00000006   Code   RO         6150    i.vListInitialiseItem  list.o
    0x08003912   0x08003912   0x00000030   Code   RO         6151    i.vListInsert       list.o
    0x08003942   0x08003942   0x00000018   Code   RO         6152    i.vListInsertEnd    list.o
    0x0800395a   0x0800395a   0x00000002   PAD
    0x0800395c   0x0800395c   0x00000040   Code   RO         6899    i.vPortEnterCritical  port.o
    0x0800399c   0x0800399c   0x00000028   Code   RO         6900    i.vPortExitCritical  port.o
    0x080039c4   0x080039c4   0x0000005c   Code   RO         6849    i.vPortFree         heap_4.o
    0x08003a20   0x08003a20   0x00000024   Code   RO         6901    i.vPortSetupTimerInterrupt  port.o
    0x08003a44   0x08003a44   0x00000054   Code   RO         6902    i.vPortValidateInterruptPriority  port.o
    0x08003a98   0x08003a98   0x00000028   Code   RO         6194    i.vQueueAddToRegistry  queue.o
    0x08003ac0   0x08003ac0   0x00000044   Code   RO         6198    i.vQueueWaitForMessageRestricted  queue.o
    0x08003b04   0x08003b04   0x0000004c   Code   RO         6396    i.vTaskDelay        tasks.o
    0x08003b50   0x08003b50   0x000000ac   Code   RO         6398    i.vTaskDelete       tasks.o
    0x08003bfc   0x08003bfc   0x00000010   Code   RO         6401    i.vTaskInternalSetTimeOutState  tasks.o
    0x08003c0c   0x08003c0c   0x0000000c   Code   RO         6402    i.vTaskMissedYield  tasks.o
    0x08003c18   0x08003c18   0x00000030   Code   RO         6404    i.vTaskPlaceOnEventList  tasks.o
    0x08003c48   0x08003c48   0x00000038   Code   RO         6405    i.vTaskPlaceOnEventListRestricted  tasks.o
    0x08003c80   0x08003c80   0x000000a8   Code   RO         6407    i.vTaskPriorityDisinheritAfterTimeout  tasks.o
    0x08003d28   0x08003d28   0x00000070   Code   RO         6413    i.vTaskStartScheduler  tasks.o
    0x08003d98   0x08003d98   0x00000010   Code   RO         6415    i.vTaskSuspendAll   tasks.o
    0x08003da8   0x08003da8   0x0000005c   Code   RO         6416    i.vTaskSwitchContext  tasks.o
    0x08003e04   0x08003e04   0x00000040   Code   RO         4412    i.validateAndFixConfig  config.o
    0x08003e44   0x08003e44   0x0000002c   Code   RO         4413    i.validateAndFixGyroConfig  config.o
    0x08003e70   0x08003e70   0x000000f4   Code   RO         6903    i.xPortStartScheduler  port.o
    0x08003f64   0x08003f64   0x0000002c   Code   RO         6904    i.xPortSysTickHandler  port.o
    0x08003f90   0x08003f90   0x00000052   Code   RO         6201    i.xQueueGenericCreate  queue.o
    0x08003fe2   0x08003fe2   0x00000002   PAD
    0x08003fe4   0x08003fe4   0x00000088   Code   RO         6202    i.xQueueGenericReset  queue.o
    0x0800406c   0x0800406c   0x00000160   Code   RO         6203    i.xQueueGenericSend  queue.o
    0x080041cc   0x080041cc   0x000000bc   Code   RO         6204    i.xQueueGenericSendFromISR  queue.o
    0x08004288   0x08004288   0x0000009c   Code   RO         6205    i.xQueueGiveFromISR  queue.o
    0x08004324   0x08004324   0x00000138   Code   RO         6211    i.xQueueReceive     queue.o
    0x0800445c   0x0800445c   0x00000178   Code   RO         6213    i.xQueueSemaphoreTake  queue.o
    0x080045d4   0x080045d4   0x00000074   Code   RO         6417    i.xTaskCheckForTimeOut  tasks.o
    0x08004648   0x08004648   0x00000056   Code   RO         6418    i.xTaskCreate       tasks.o
    0x0800469e   0x0800469e   0x00000002   PAD
    0x080046a0   0x080046a0   0x0000001c   Code   RO         6422    i.xTaskGetSchedulerState  tasks.o
    0x080046bc   0x080046bc   0x0000000c   Code   RO         6423    i.xTaskGetTickCount  tasks.o
    0x080046c8   0x080046c8   0x000000c8   Code   RO         6425    i.xTaskIncrementTick  tasks.o
    0x08004790   0x08004790   0x00000098   Code   RO         6428    i.xTaskPriorityDisinherit  tasks.o
    0x08004828   0x08004828   0x00000094   Code   RO         6429    i.xTaskPriorityInherit  tasks.o
    0x080048bc   0x080048bc   0x00000074   Code   RO         6430    i.xTaskRemoveFromEventList  tasks.o
    0x08004930   0x08004930   0x000000c4   Code   RO         6431    i.xTaskResumeAll    tasks.o
    0x080049f4   0x080049f4   0x0000004c   Code   RO         6728    i.xTimerCreateTimerTask  timers.o
    0x08004a40   0x08004a40   0x00000060   Code   RO         6729    i.xTimerGenericCommand  timers.o
    0x08004aa0   0x08004aa0   0x0000000a   Code   RO         7315    x$fpl$fpinit        fz_wm.l(fpinit.o)
    0x08004aaa   0x08004aaa   0x00000002   PAD
    0x08004aac   0x08004aac   0x000000a8   Data   RO         2487    .constdata          target.o
    0x08004b54   0x08004b54   0x0000001a   Data   RO         2813    .constdata          bus_spi.o
    0x08004b6e   0x08004b6e   0x00000001   Data   RO         2892    .constdata          button.o
    0x08004b6f   0x08004b6f   0x00000017   Data   RO         3091    .constdata          exti.o
    0x08004b86   0x08004b86   0x00000016   Data   RO         3286    .constdata          io.o
    0x08004b9c   0x08004b9c   0x00000003   Data   RO         3905    .constdata          serial.o
    0x08004b9f   0x08004b9f   0x00000001   PAD
    0x08004ba0   0x08004ba0   0x00000028   Data   RO         3993    .constdata          serial_uart.o
    0x08004bc8   0x08004bc8   0x00000070   Data   RO         4357    .constdata          timer_stm32f4xx.o
    0x08004c38   0x08004c38   0x0000001c   Data   RO         5748    .constdata          rx.o
    0x08004c54   0x08004c54   0x00000020   Data   RO         7390    Region$$Table       anon$$obj.o


    Execution Region RW_IRAM1 (Exec base: 0x20000000, Load base: 0x08004c74, Size: 0x00014d20, Max: 0x00020000, ABSOLUTE, COMPRESSED[0x00000120])

    Exec Addr    Load Addr    Size         Type   Attr      Idx    E Section Name        Object

    0x20000000   COMPRESSED   0x00000010   Data   RW          846    .data               stm32f4xx_rcc.o
    0x20000010   COMPRESSED   0x00000014   Data   RW         2112    .data               main.o
    0x20000024   COMPRESSED   0x00000004   Data   RW         2113    .data               main.o
    0x20000028   COMPRESSED   0x00000014   Data   RW         2448    .data               system_stm32f4xx.o
    0x2000003c   COMPRESSED   0x0000000c   Data   RW         2532    .data               system.o
    0x20000048   COMPRESSED   0x00000020   Data   RW         2814    .data               bus_spi.o
    0x20000068   COMPRESSED   0x000001c0   Data   RW         2960    .data               dma_stm32f4xx.o
    0x20000228   COMPRESSED   0x00000007   Data   RW         3092    .data               exti.o
    0x2000022f   COMPRESSED   0x00000001   Data   RW         3409    .data               led.o
    0x20000230   COMPRESSED   0x00000004   Data   RW         3680    .data               rxserial3test.o
    0x20000234   COMPRESSED   0x00000008   Data   RW         3907    .data               serial.o
    0x2000023c   COMPRESSED   0x0000047c   Data   RW         4077    .data               serial_uart_stm32f4xx.o
    0x200006b8   COMPRESSED   0x0000047c   Data   RW         4078    .data               serial_uart_stm32f4xx.o
    0x20000b34   COMPRESSED   0x0000047c   Data   RW         4079    .data               serial_uart_stm32f4xx.o
    0x20000fb0   COMPRESSED   0x0000001c   Data   RW         4080    .data               serial_uart_stm32f4xx.o
    0x20000fcc   COMPRESSED   0x00000006   Data   RW         4216    .data               timer.o
    0x20000fd2   COMPRESSED   0x00000002   PAD
    0x20000fd4   COMPRESSED   0x0000000c   Data   RW         4415    .data               config.o
    0x20000fe0   COMPRESSED   0x00000008   Data   RW         4583    .data               fc_core.o
    0x20000fe8   COMPRESSED   0x0000000c   Data   RW         4690    .data               rc_controls.o
    0x20000ff4   COMPRESSED   0x0000001c   Data   RW         5209    .data               mixer.o
    0x20001010   COMPRESSED   0x00000004   Data   RW         5348    .data               feature.o
    0x20001014   COMPRESSED   0x00000020   Data   RW         5750    .data               rx.o
    0x20001034   COMPRESSED   0x00000008   Data   RW         5840    .data               sbus.o
    0x2000103c   COMPRESSED   0x00000001   Data   RW         5875    .data               debug.o
    0x2000103d   COMPRESSED   0x00000003   PAD
    0x20001040   COMPRESSED   0x0000003c   Data   RW         6434    .data               tasks.o
    0x2000107c   COMPRESSED   0x00000014   Data   RW         6735    .data               timers.o
    0x20001090   COMPRESSED   0x00000018   Data   RW         6854    .data               heap_4.o
    0x200010a8   COMPRESSED   0x0000000c   Data   RW         6905    .data               port.o
    0x200010b4        -       0x00000010   Zero   RW         2531    .bss                system.o
    0x200010c4        -       0x0000000c   Zero   RW         2891    .bss                button.o
    0x200010d0        -       0x00000040   Zero   RW         3090    .bss                exti.o
    0x20001110        -       0x00000280   Zero   RW         3285    .bss                io.o
    0x20001390        -       0x00000010   Zero   RW         3408    .bss                led.o
    0x200013a0        -       0x00000024   Zero   RW         3904    .bss                serial.o
    0x200013c4        -       0x000000fe   Zero   RW         4215    .bss                timer.o
    0x200014c2   COMPRESSED   0x00000002   PAD
    0x200014c4        -       0x00000374   Zero   RW         4414    .bss                config.o
    0x20001838        -       0x00000018   Zero   RW         4632    .bss                fc_rc.o
    0x20001850        -       0x000000dc   Zero   RW         5747    .bss                rx.o
    0x2000192c        -       0x00000064   Zero   RW         5839    .bss                sbus.o
    0x20001990        -       0x00000040   Zero   RW         6215    .bss                queue.o
    0x200019d0        -       0x000000c8   Zero   RW         6433    .bss                tasks.o
    0x20001a98        -       0x00000028   Zero   RW         6734    .bss                timers.o
    0x20001ac0        -       0x00012c00   Zero   RW         6853    .bss                heap_4.o
    0x200146c0        -       0x00000060   Zero   RW         7187    .bss                c_w.l(libspace.o)
    0x20014720        -       0x00000200   Zero   RW            2    HEAP                startup_stm32f407xx.o
    0x20014920        -       0x00000400   Zero   RW            1    STACK               startup_stm32f407xx.o


==============================================================================

Image component sizes


      Code (inc. data)   RO Data    RW Data    ZI Data      Debug   Object Name

         0          0          0          0          0       3160   accgyro_mpu.o
         0          0          0          0          0       1744   accgyro_spi_mpu9250.o
       308         26         26         32          0       3366   bus_spi.o
       100         16          1          0         12       3511   button.o
      1450         96          0         12        884      16024   config.o
        30          4          0          0          0       1058   config_eeprom.o
         0          0          0          1          0        594   debug.o
       340         84          0        448          0      10592   dma_stm32f4xx.o
         0          0          0          0          0       8088   event_groups.o
       312         32         23          7         64       8010   exti.o
         0          0          0          8          0       1847   fc_core.o
       124          8          0          0         24       1628   fc_rc.o
       106         30          0          4          0       4767   feature.o
         0          0          0          0          0       3310   gps.o
       460         24          0         24      76800       4663   heap_4.o
       466         38         22          0        640      17456   io.o
       192         22          0          1         16       2479   led.o
       138          0          0          0          0       3454   list.o
      1070        250          0         24          0      81270   main.o
       120         14          0          0          0     316399   misc.o
        12          4          0         28          0       3141   mixer.o
       786         82          0         12          0      12057   port.o
         0          0          0          0          0       2849   pwm.o
         0          0          0          0          0       1757   pwm_output.o
      1990         24          0          0         64      19408   queue.o
        66          6          0         12          0       4577   rc_controls.o
        72          0          0          0          0       1350   rcc.o
       322         42         28         32        220      10022   rx.o
        60         10          0          4          0       1797   rxserial3test.o
       448         44          0          8        100       4387   sbus.o
       290         46          3          8         36       9178   serial.o
       778         12         40          0          0       9317   serial_uart.o
       568         40          0       3472          0       7875   serial_uart_stm32f4xx.o
        64         26        392          0       1536        920   startup_stm32f407xx.o
       494         24          0          0          0       7057   stm32f4xx_dma.o
       124         10          0          0          0       1793   stm32f4xx_exti.o
       212          0          0          0          0       2665   stm32f4xx_gpio.o
       328         58          0         16          0       8587   stm32f4xx_rcc.o
       208         24          0          0          0       2814   stm32f4xx_spi.o
        48          6          0          0          0        756   stm32f4xx_syscfg.o
       178         28          0          0          0       4420   stm32f4xx_tim.o
       358          8          0          0          0       6894   stm32f4xx_usart.o
       228         32          0         12         16       7594   system.o
       272         36          0         20          0       2313   system_stm32f4xx.o
         0          0        168          0          0       2419   target.o
      2488        194          0         60        200      28023   tasks.o
       458         60          0          6        254       8166   timer.o
        60         22        112          0          0       2983   timer_stm32f4xx.o
       856         82          0         20         40      20007   timers.o

    ----------------------------------------------------------------------
     17016       1564        848       4276      80908     688546   Object Totals
         0          0         32          0          0          0   (incl. Generated)
        32          0          1          5          2          0   (incl. Padding)

    ----------------------------------------------------------------------

      Code (inc. data)   RO Data    RW Data    ZI Data      Debug   Library Member Name

        90          0          0          0          0          0   __dczerorl2.o
         8          0          0          0          0         68   __main.o
       104          0          0          0          0         84   __printf.o
         0          0          0          0          0          0   __rtentry.o
        12          0          0          0          0          0   __rtentry2.o
         6          0          0          0          0          0   __rtentry4.o
        52          8          0          0          0          0   __scatter.o
        28          0          0          0          0          0   __scatter_zi.o
        44          0          0          0          0        108   _printf_char.o
        48          6          0          0          0         96   _printf_char_common.o
        36          4          0          0          0         80   _printf_char_file.o
         6          0          0          0          0          0   _printf_d.o
       120         16          0          0          0         92   _printf_dec.o
       178          0          0          0          0         88   _printf_intcommon.o
         0          0          0          0          0          0   _printf_percent.o
         4          0          0          0          0          0   _printf_percent_end.o
         6          0          0          0          0          0   _printf_s.o
        82          0          0          0          0         80   _printf_str.o
        10          0          0          0          0         68   _sputc.o
        16          0          0          0          0         68   aeabi_memset.o
        18          0          0          0          0         80   exit.o
         8          0          0          0          0         68   ferror.o
         6          0          0          0          0        152   heapauxi.o
         0          0          0          0          0          0   indicate_semi.o
         2          0          0          0          0          0   libinit.o
         6          0          0          0          0          0   libinit2.o
         2          0          0          0          0          0   libshutdown.o
         2          0          0          0          0          0   libshutdown2.o
         8          4          0          0         96         68   libspace.o
        24          4          0          0          0         84   noretval__2printf.o
        40          6          0          0          0         84   noretval__2sprintf.o
        68          0          0          0          0         68   rt_memclr.o
        78          0          0          0          0         80   rt_memclr_w.o
       138          0          0          0          0         68   rt_memcpy_v6.o
       100          0          0          0          0         80   rt_memcpy_w.o
         2          0          0          0          0          0   rtexit.o
        10          0          0          0          0          0   rtexit2.o
        20          0          0          0          0         68   strchr.o
       128          0          0          0          0         68   strcmpv7m.o
        86          0          0          0          0         76   strncpy.o
        12          4          0          0          0         68   sys_exit.o
        74          0          0          0          0         80   sys_stackheap_outer.o
         2          0          0          0          0         68   use_no_semi.o
        10          0          0          0          0        116   fpinit.o

    ----------------------------------------------------------------------
      1708         52          0          0         96       2208   Library Totals
        14          0          0          0          0          0   (incl. Padding)

    ----------------------------------------------------------------------

      Code (inc. data)   RO Data    RW Data    ZI Data      Debug   Library Name

      1684         52          0          0         96       2092   c_w.l
        10          0          0          0          0        116   fz_wm.l

    ----------------------------------------------------------------------
      1708         52          0          0         96       2208   Library Totals

    ----------------------------------------------------------------------

==============================================================================


      Code (inc. data)   RO Data    RW Data    ZI Data      Debug   

     18724       1616        848       4276      81004     665410   Grand Totals
     18724       1616        848        288      81004     665410   ELF Image Totals (compressed)
     18724       1616        848        288          0          0   ROM Totals

==============================================================================

    Total RO  Size (Code + RO Data)                19572 (  19.11kB)
    Total RW  Size (RW Data + ZI Data)             85280 (  83.28kB)
    Total ROM Size (Code + RO Data + RW Data)      19860 (  19.39kB)

==============================================================================

